 modbus

 Timestamp is 5ee00108 (Tue Jun  9 14:37:12 2020)

 Preferred load address is 10000000

 Start         Length     Name                   Class
 0001:00000000 0007ade0H .text$mn                CODE
 0001:0007ade0 000000abH .text$x                 CODE
 0002:00000000 000001e0H .idata$5                DATA
 0002:000001e0 00000004H .00cfg                  DATA
 0002:000001e4 00000004H .CRT$XCA                DATA
 0002:000001e8 00000004H .CRT$XCZ                DATA
 0002:000001ec 00000004H .CRT$XIA                DATA
 0002:000001f0 0000000cH .CRT$XIC                DATA
 0002:000001fc 00000004H .CRT$XIZ                DATA
 0002:00000200 00000004H .CRT$XPA                DATA
 0002:00000204 00000008H .CRT$XPX                DATA
 0002:0000020c 00000004H .CRT$XPXA               DATA
 0002:00000210 00000004H .CRT$XPZ                DATA
 0002:00000214 00000004H .CRT$XTA                DATA
 0002:00000218 00000008H .CRT$XTZ                DATA
 0002:00000220 0001ca04H .rdata                  DATA
 0002:0001cc24 000002acH .rdata$r                DATA
 0002:0001ced0 00000024H .rdata$sxdata           DATA
 0002:0001cef4 00000340H .rdata$zzzdbg           DATA
 0002:0001d234 00000004H .rtc$IAA                DATA
 0002:0001d238 00000010H .rtc$IMZ                DATA
 0002:0001d248 00000004H .rtc$IZZ                DATA
 0002:0001d24c 00000004H .rtc$TAA                DATA
 0002:0001d250 00000010H .rtc$TMZ                DATA
 0002:0001d260 00000008H .rtc$TZZ                DATA
 0002:0001d268 00000ba8H .xdata$x                DATA
 0002:0001de10 00000818H .edata                  DATA
 0002:0001e628 00000028H .idata$2                DATA
 0002:0001e650 00000014H .idata$3                DATA
 0002:0001e664 000001e0H .idata$4                DATA
 0002:0001e844 00000730H .idata$6                DATA
 0003:00000000 00001650H .data                   DATA
 0003:00001650 00000110H .data$r                 DATA
 0003:00001760 00001760H .bss                    DATA
 0004:00000000 000000d4H .gfids$x                DATA
 0004:000000d4 0000009cH .gfids$y                DATA
 0005:00000000 000000a0H .rsrc$01                DATA
 0005:000000a0 000003f0H .rsrc$02                DATA

  Address         Publics by Value              Rva+Base       Lib:Object

 0000:00000000       ___guard_fids_count        00000000     <absolute>
 0000:00000000       ___guard_longjmp_count     00000000     <absolute>
 0000:00000000       ___guard_fids_table        00000000     <absolute>
 0000:00000000       ___dynamic_value_reloc_table 00000000     <absolute>
 0000:00000000       ___guard_longjmp_table     00000000     <absolute>
 0000:00000000       ___guard_iat_count         00000000     <absolute>
 0000:00000000       __except_list              00000000     <absolute>
 0000:00000000       ___guard_iat_table         00000000     <absolute>
 0000:00000009       ___safe_se_handler_count   00000009     <absolute>
 0000:00000100       ___guard_flags             00000100     <absolute>
 0000:00000000       ___ImageBase               10000000     <linker-defined>
 0001:00000000       _modbus_set_bits_from_byte 10001000 f   modbus-data.obj
 0001:00000060       _modbus_set_bits_from_bytes 10001060 f   modbus-data.obj
 0001:000000f0       _modbus_get_byte_from_bits 100010f0 f   modbus-data.obj
 0001:00000160       _modbus_get_float          10001160 f   modbus-data.obj
 0001:000001a0       _modbus_get_float_abcd     100011a0 f   modbus-data.obj
 0001:000001e0       _modbus_get_float_dcba     100011e0 f   modbus-data.obj
 0001:00000230       _modbus_get_float_badc     10001230 f   modbus-data.obj
 0001:00000280       _modbus_get_float_cdab     10001280 f   modbus-data.obj
 0001:000002c0       _modbus_set_float          100012c0 f   modbus-data.obj
 0001:00000300       _modbus_set_float_abcd     10001300 f   modbus-data.obj
 0001:00000350       _modbus_set_float_dcba     10001350 f   modbus-data.obj
 0001:000003a0       _modbus_set_float_badc     100013a0 f   modbus-data.obj
 0001:000003f0       _modbus_set_float_cdab     100013f0 f   modbus-data.obj
 0001:00000440       _modbus_new_rtu            10001440 f   modbus-rtu.obj
 0001:00000640       _modbus_rtu_set_serial_mode 10001640 f   modbus-rtu.obj
 0001:000006b0       _modbus_rtu_get_serial_mode 100016b0 f   modbus-rtu.obj
 0001:00000720       _modbus_rtu_set_rts        10001720 f   modbus-rtu.obj
 0001:00000790       _modbus_rtu_get_rts        10001790 f   modbus-rtu.obj
 0001:00000800       _modbus_rtu_set_custom_rts 10001800 f   modbus-rtu.obj
 0001:00000870       _modbus_rtu_set_rts_delay  10001870 f   modbus-rtu.obj
 0001:000008e0       _modbus_rtu_get_rts_delay  100018e0 f   modbus-rtu.obj
 0001:000015b0       ___local_stdio_printf_options 100025b0 f i modbus-rtu.obj
 0001:000015c0       __vfprintf_l               100025c0 f i modbus-rtu.obj
 0001:000015f0       _fprintf                   100025f0 f i modbus-rtu.obj
 0001:00001630       _printf                    10002630 f i modbus-rtu.obj
 0001:00001670       _modbus_new_tcp            10002670 f   modbus-tcp.obj
 0001:000017c0       _modbus_tcp_listen         100027c0 f   modbus-tcp.obj
 0001:00001920       _modbus_tcp_accept         10002920 f   modbus-tcp.obj
 0001:000019b0       _modbus_new_tcp_pi         100029b0 f   modbus-tcp.obj
 0001:00001c00       _modbus_tcp_pi_listen      10002c00 f   modbus-tcp.obj
 0001:00001eb0       _modbus_tcp_pi_accept      10002eb0 f   modbus-tcp.obj
 0001:00002b60       _gai_strerrorA             10003b60 f i modbus-tcp.obj
 0001:00002ba0       _modbus_set_slave          10003ba0 f   modbus.obj
 0001:00002be0       _modbus_get_slave          10003be0 f   modbus.obj
 0001:00002c00       _modbus_set_error_recovery 10003c00 f   modbus.obj
 0001:00002c30       _modbus_set_socket         10003c30 f   modbus.obj
 0001:00002c60       _modbus_get_socket         10003c60 f   modbus.obj
 0001:00002c90       _modbus_get_response_timeout 10003c90 f   modbus.obj
 0001:00002cd0       _modbus_set_response_timeout 10003cd0 f   modbus.obj
 0001:00002d20       _modbus_get_byte_timeout   10003d20 f   modbus.obj
 0001:00002d60       _modbus_set_byte_timeout   10003d60 f   modbus.obj
 0001:00002da0       _modbus_get_indication_timeout 10003da0 f   modbus.obj
 0001:00002de0       _modbus_set_indication_timeout 10003de0 f   modbus.obj
 0001:00002e20       _modbus_get_header_length  10003e20 f   modbus.obj
 0001:00002e50       _modbus_connect            10003e50 f   modbus.obj
 0001:00002e80       _modbus_close              10003e80 f   modbus.obj
 0001:00002ea0       _modbus_free               10003ea0 f   modbus.obj
 0001:00002ec0       _modbus_flush              10003ec0 f   modbus.obj
 0001:00002f20       _modbus_set_debug          10003f20 f   modbus.obj
 0001:00002f50       _modbus_strerror           10003f50 f   modbus.obj
 0001:00003040       _modbus_read_bits          10004040 f   modbus.obj
 0001:000030d0       _modbus_read_input_bits    100040d0 f   modbus.obj
 0001:00003160       _modbus_read_registers     10004160 f   modbus.obj
 0001:000031e0       _modbus_read_input_registers 100041e0 f   modbus.obj
 0001:00003260       _modbus_write_bit          10004260 f   modbus.obj
 0001:000032b0       _modbus_write_register     100042b0 f   modbus.obj
 0001:000032f0       _modbus_write_bits         100042f0 f   modbus.obj
 0001:00003600       _modbus_write_registers    10004600 f   modbus.obj
 0001:000037e0       _modbus_mask_write_register 100047e0 f   modbus.obj
 0001:00003940       _modbus_write_and_read_registers 10004940 f   modbus.obj
 0001:00003c80       _modbus_report_slave_id    10004c80 f   modbus.obj
 0001:00003df0       _modbus_mapping_new_start_address 10004df0 f   modbus.obj
 0001:00004010       _modbus_mapping_new        10005010 f   modbus.obj
 0001:00004040       _modbus_mapping_free       10005040 f   modbus.obj
 0001:000040a0       _modbus_send_raw_request   100050a0 f   modbus.obj
 0001:000041b0       _modbus_receive            100051b0 f   modbus.obj
 0001:000041f0       _modbus_receive_confirmation 100051f0 f   modbus.obj
 0001:00004220       _modbus_reply              10005220 f   modbus.obj
 0001:00005460       _modbus_reply_exception    10006460 f   modbus.obj
 0001:00005590       __modbus_init_common       10006590 f   modbus.obj
 0001:00005600       __error_print              10006600 f   modbus.obj
 0001:00005680       __modbus_receive_msg       10006680 f   modbus.obj
 0001:00005b30       _strlcpy                   10006b30 f   modbus.obj
 0001:000069a0       _vfprintf                  100079a0 f i modbus.obj
 0001:000069bc       _htonl@4                   100079bc f   ws2_32:WS2_32.dll
 0001:000069c2       _ntohl@4                   100079c2 f   ws2_32:WS2_32.dll
 0001:000069c8       _accept@12                 100079c8 f   ws2_32:WS2_32.dll
 0001:000069ce       _bind@12                   100079ce f   ws2_32:WS2_32.dll
 0001:000069d4       _closesocket@4             100079d4 f   ws2_32:WS2_32.dll
 0001:000069da       _connect@12                100079da f   ws2_32:WS2_32.dll
 0001:000069e0       _ioctlsocket@12            100079e0 f   ws2_32:WS2_32.dll
 0001:000069e6       _getsockopt@20             100079e6 f   ws2_32:WS2_32.dll
 0001:000069ec       _htons@4                   100079ec f   ws2_32:WS2_32.dll
 0001:000069f2       _inet_addr@4               100079f2 f   ws2_32:WS2_32.dll
 0001:000069f8       _inet_ntoa@4               100079f8 f   ws2_32:WS2_32.dll
 0001:000069fe       _listen@8                  100079fe f   ws2_32:WS2_32.dll
 0001:00006a04       _recv@16                   10007a04 f   ws2_32:WS2_32.dll
 0001:00006a0a       _select@20                 10007a0a f   ws2_32:WS2_32.dll
 0001:00006a10       _send@16                   10007a10 f   ws2_32:WS2_32.dll
 0001:00006a16       _setsockopt@20             10007a16 f   ws2_32:WS2_32.dll
 0001:00006a1c       _shutdown@8                10007a1c f   ws2_32:WS2_32.dll
 0001:00006a22       _socket@12                 10007a22 f   ws2_32:WS2_32.dll
 0001:00006a28       _WSAStartup@8              10007a28 f   ws2_32:WS2_32.dll
 0001:00006a2e       _WSAGetLastError@0         10007a2e f   ws2_32:WS2_32.dll
 0001:00006a34       _getaddrinfo@16            10007a34 f   ws2_32:WS2_32.dll
 0001:00006a3a       _freeaddrinfo@4            10007a3a f   ws2_32:WS2_32.dll
 0001:00006a40       _CreateFileA@28            10007a40 f   kernel32:KERNEL32.dll
 0001:00006a46       _ReadFile@20               10007a46 f   kernel32:KERNEL32.dll
 0001:00006a4c       _WriteFile@20              10007a4c f   kernel32:KERNEL32.dll
 0001:00006a52       _CloseHandle@4             10007a52 f   kernel32:KERNEL32.dll
 0001:00006a58       _GetLastError@0            10007a58 f   kernel32:KERNEL32.dll
 0001:00006a5e       _GetCommState@8            10007a5e f   kernel32:KERNEL32.dll
 0001:00006a64       _PurgeComm@8               10007a64 f   kernel32:KERNEL32.dll
 0001:00006a6a       _SetCommState@8            10007a6a f   kernel32:KERNEL32.dll
 0001:00006a70       _SetCommTimeouts@8         10007a70 f   kernel32:KERNEL32.dll
 0001:00006a76       _FormatMessageA@28         10007a76 f   kernel32:KERNEL32.dll
 0001:00006a7c       _Sleep@4                   10007a7c f   kernel32:KERNEL32.dll
 0001:00006a90       __CRT_RTC_INIT             10007a90 f   LIBCMTD:_init_.obj
 0001:00006aa0       __CRT_RTC_INITW            10007aa0 f   LIBCMTD:_init_.obj
 0001:00006ab0       __RTC_InitBase             10007ab0 f   LIBCMTD:_init_.obj
 0001:00006ae0       __RTC_Shutdown             10007ae0 f   LIBCMTD:_init_.obj
 0001:00006b00       @__security_check_cookie@4 10007b00 f   LIBCMTD:_secchk_.obj
 0001:00006b20       ??$__vcrt_va_start_verify_argument_type@QBD@@YAXXZ 10007b20 f i LIBCMTD:_error_.obj
 0001:00006c80       ?_RTC_AllocaFailure@@YAXPAXPAU_RTC_ALLOCA_NODE@@H@Z 10007c80 f   LIBCMTD:_error_.obj
 0001:00006da0       ?_RTC_Failure@@YAXPAXH@Z   10007da0 f   LIBCMTD:_error_.obj
 0001:00006df0       ?_RTC_StackFailure@@YAXPAXPBD@Z 10007df0 f   LIBCMTD:_error_.obj
 0001:00007190       __RTC_UninitUse            10008190 f   LIBCMTD:_error_.obj
 0001:00007280       __vsprintf_s_l             10008280 f i LIBCMTD:_error_.obj
 0001:000072b0       _sprintf_s                 100082b0 f i LIBCMTD:_error_.obj
 0001:000072e0       ___raise_securityfailure   100082e0 f   LIBCMTD:gs_report.obj
 0001:00007310       ___report_gsfailure        10008310 f   LIBCMTD:gs_report.obj
 0001:00007420       ___report_rangecheckfailure 10008420 f   LIBCMTD:gs_report.obj
 0001:00007430       ___report_securityfailure  10008430 f   LIBCMTD:gs_report.obj
 0001:00007510       ___report_securityfailureEx 10008510 f   LIBCMTD:gs_report.obj
 0001:00007ae0       __CRT_INIT@12              10008ae0 f   LIBCMTD:dll_dllmain.obj
 0001:00007b00       __DllMainCRTStartup@12     10008b00 f   LIBCMTD:dll_dllmain.obj
 0001:00007b30       ?_RTC_GetErrorFunc@@YAP6AHHPBDH00ZZPBX@Z 10008b30 f   LIBCMTD:_userapi_.obj
 0001:00007b40       ?_RTC_GetErrorFuncW@@YAP6AHHPB_WH00ZZPBX@Z 10008b40 f   LIBCMTD:_userapi_.obj
 0001:00007b50       __RTC_GetErrDesc           10008b50 f   LIBCMTD:_userapi_.obj
 0001:00007b70       __RTC_NumErrors            10008b70 f   LIBCMTD:_userapi_.obj
 0001:00007b80       __RTC_SetErrorFunc         10008b80 f   LIBCMTD:_userapi_.obj
 0001:00007ba0       __RTC_SetErrorFuncW        10008ba0 f   LIBCMTD:_userapi_.obj
 0001:00007bc0       __RTC_SetErrorType         10008bc0 f   LIBCMTD:_userapi_.obj
 0001:00008080       ?_RTC_GetSrcLine@@YAHPAEPA_WKPAH1K@Z 10009080 f   LIBCMTD:_pdblkup_.obj
 0001:000083e0       @_guard_check_icall@4      100093e0 f i LIBCMTD:checkcfg.obj
 0001:00008400       ??$__crt_fast_decode_pointer@PAP6AXXZ@@YAPAP6AXXZQAP6AXXZ@Z 10009400 f i LIBCMTD:utility.obj
 0001:00008430       ??$__crt_fast_encode_pointer@PAP6AXXZ@@YAPAP6AXXZQAP6AXXZ@Z 10009430 f i LIBCMTD:utility.obj
 0001:00008460       ?__crt_rotate_pointer_value@@YAIIH@Z 10009460 f i LIBCMTD:utility.obj
 0001:00008470       ?configure_argv@__scrt_narrow_argv_policy@@SAHXZ 10009470 f i LIBCMTD:utility.obj
 0001:00008590       _NtCurrentTeb              10009590 f i LIBCMTD:utility.obj
 0001:000085a0       ___scrt_acquire_startup_lock 100095a0 f   LIBCMTD:utility.obj
 0001:000085f0       ___scrt_dllmain_after_initialize_c 100095f0 f   LIBCMTD:utility.obj
 0001:00008620       ___scrt_dllmain_before_initialize_c 10009620 f   LIBCMTD:utility.obj
 0001:00008640       ___scrt_dllmain_crt_thread_attach 10009640 f   LIBCMTD:utility.obj
 0001:00008670       ___scrt_dllmain_crt_thread_detach 10009670 f   LIBCMTD:utility.obj
 0001:00008690       ___scrt_dllmain_exception_filter 10009690 f   LIBCMTD:utility.obj
 0001:000086e0       ___scrt_dllmain_uninitialize_c 100096e0 f   LIBCMTD:utility.obj
 0001:00008710       ___scrt_dllmain_uninitialize_critical 10009710 f   LIBCMTD:utility.obj
 0001:00008730       ___scrt_initialize_crt     10009730 f   LIBCMTD:utility.obj
 0001:00008780       ___scrt_initialize_onexit_tables 10009780 f   LIBCMTD:utility.obj
 0001:00008850       ___scrt_is_nonwritable_in_current_image 10009850 f   LIBCMTD:utility.obj
 0001:00008980       ___scrt_release_startup_lock 10009980 f   LIBCMTD:utility.obj
 0001:000089b0       ___scrt_uninitialize_crt   100099b0 f   LIBCMTD:utility.obj
 0001:000089f0       __onexit                   100099f0 f   LIBCMTD:utility.obj
 0001:00008a60       _at_quick_exit             10009a60 f   LIBCMTD:utility.obj
 0001:00008ab0       _atexit                    10009ab0 f   LIBCMTD:utility.obj
 0001:00008ae0       ___security_init_cookie    10009ae0 f   LIBCMTD:gs_support.obj
 0001:00008bc0       _DllMain@12                10009bc0 f   LIBCMTD:dll_dllmain_stub.obj
 0001:00008bd0       ?__scrt_initialize_type_info@@YAXXZ 10009bd0 f   LIBCMTD:tncleanup.obj
 0001:00008be0       ?__scrt_uninitialize_type_info@@YAXXZ 10009be0 f   LIBCMTD:tncleanup.obj
 0001:00008c00       ___local_stdio_scanf_options 10009c00 f i LIBCMTD:default_local_stdio_options.obj
 0001:00008c10       ___scrt_initialize_default_local_stdio_options 10009c10 f   LIBCMTD:default_local_stdio_options.obj
 0001:00008c50       ___scrt_get_dyn_tls_init_callback 10009c50 f   LIBCMTD:dyn_tls_init.obj
 0001:00008c60       ___scrt_fastfail           10009c60 f   LIBCMTD:utility_desktop.obj
 0001:00008da0       ___scrt_get_show_window_mode 10009da0 f   LIBCMTD:utility_desktop.obj
 0001:00008de0       ___scrt_initialize_winrt   10009de0 f   LIBCMTD:utility_desktop.obj
 0001:00008df0       ___scrt_is_managed_app     10009df0 f   LIBCMTD:utility_desktop.obj
 0001:00008e80       ___scrt_set_unhandled_exception_filter 10009e80 f   LIBCMTD:utility_desktop.obj
 0001:00008e90       ___scrt_unhandled_exception_filter@4 10009e90 f   LIBCMTD:utility_desktop.obj
 0001:00008ef0       __crt_debugger_hook        10009ef0 f   LIBCMTD:utility_desktop.obj
 0001:00008f00       __RTC_Initialize           10009f00 f   LIBCMTD:_initsect_.obj
 0001:00008f30       __RTC_Terminate            10009f30 f   LIBCMTD:_initsect_.obj
 0001:00008f60       @_guard_check_icall_nop@4  10009f60 f i LIBCMTD:guard_support.obj
 0001:00008f70       __guard_icall_checks_enforced 10009f70 f i LIBCMTD:guard_support.obj
 0001:00008fa0       ___isa_available_init      10009fa0 f   LIBCMTD:_cpu_disp_.obj
 0001:00009280       __get_startup_argv_mode    1000a280 f   LIBCMTD:argv_mode.obj
 0001:00009290       ___scrt_is_ucrt_dll_in_use 1000a290 f   LIBCMTD:ucrt_detection.obj
 0001:000092c0       _memcpy                    1000a2c0 f   libvcruntimed:memcpy.obj
 0001:00009840       _memset                    1000a840 f   libvcruntimed:memset.obj
 0001:00009a00       __except_handler4          1000aa00 f   libvcruntimed:_chandler4_.obj
 0001:00009bd0       ___vcrt_GetModuleFileNameW 1000abd0 f   libvcruntimed:winapi_thunks.obj
 0001:00009bf0       ___vcrt_GetModuleHandleW   1000abf0 f   libvcruntimed:winapi_thunks.obj
 0001:00009c00       ___vcrt_LoadLibraryExW     1000ac00 f   libvcruntimed:winapi_thunks.obj
 0001:00009c20       ___vcrt_initialize         1000ac20 f   libvcruntimed:initialization.obj
 0001:00009c60       ___vcrt_thread_attach      1000ac60 f   libvcruntimed:initialization.obj
 0001:00009c80       ___vcrt_thread_detach      1000ac80 f   libvcruntimed:initialization.obj
 0001:00009ca0       ___vcrt_uninitialize       1000aca0 f   libvcruntimed:initialization.obj
 0001:00009cc0       ___vcrt_uninitialize_critical 1000acc0 f   libvcruntimed:initialization.obj
 0001:00009d00       ??$?RD@__crt_internal_free_policy@@QBEXQBD@Z 1000ad00 f i libvcruntimed:std_type_info.obj
 0001:00009d20       ??$?RX@__crt_internal_free_policy@@QBEXQBX@Z 1000ad20 f i libvcruntimed:std_type_info.obj
 0001:00009d40       ??$__crt_interlocked_compare_exchange_pointer@$$CBD$$T$$T@@YAPBDPDSBD$$T1@Z 1000ad40 f i libvcruntimed:std_type_info.obj
 0001:00009d60       ??$__crt_interlocked_compare_exchange_pointer@$$CBDPAD$$T@@YAPBDPDSBDQAD$$T@Z 1000ad60 f i libvcruntimed:std_type_info.obj
 0001:00009d80       ??$__crt_interlocked_read_pointer@$$CBD@@YAPBDPDSBD@Z 1000ad80 f i libvcruntimed:std_type_info.obj
 0001:00009da0       ??0?$__crt_unique_heap_ptr@DU__crt_internal_free_policy@@@@QAE@QAD@Z 1000ada0 f i libvcruntimed:std_type_info.obj
 0001:00009dc0       ??0?$__crt_unique_heap_ptr@XU__crt_internal_free_policy@@@@QAE@QAX@Z 1000adc0 f i libvcruntimed:std_type_info.obj
 0001:00009de0       ??1?$__crt_unique_heap_ptr@DU__crt_internal_free_policy@@@@QAE@XZ 1000ade0 f i libvcruntimed:std_type_info.obj
 0001:00009e00       ??1?$__crt_unique_heap_ptr@XU__crt_internal_free_policy@@@@QAE@XZ 1000ae00 f i libvcruntimed:std_type_info.obj
 0001:00009e40       ??B?$__crt_unique_heap_ptr@DU__crt_internal_free_policy@@@@QBE_NXZ 1000ae40 f i libvcruntimed:std_type_info.obj
 0001:00009e60       ??B?$__crt_unique_heap_ptr@XU__crt_internal_free_policy@@@@QBE_NXZ 1000ae60 f i libvcruntimed:std_type_info.obj
 0001:00009ed0       ?detach@?$__crt_unique_heap_ptr@XU__crt_internal_free_policy@@@@QAEPAXXZ 1000aed0 f i libvcruntimed:std_type_info.obj
 0001:00009f00       ?get@?$__crt_unique_heap_ptr@DU__crt_internal_free_policy@@@@QBEPADXZ 1000af00 f i libvcruntimed:std_type_info.obj
 0001:00009f10       ?get@?$__crt_unique_heap_ptr@XU__crt_internal_free_policy@@@@QBEPAXXZ 1000af10 f i libvcruntimed:std_type_info.obj
 0001:00009f20       ?is_valid@?$__crt_unique_heap_ptr@DU__crt_internal_free_policy@@@@QBE_NXZ 1000af20 f i libvcruntimed:std_type_info.obj
 0001:00009f50       ?is_valid@?$__crt_unique_heap_ptr@XU__crt_internal_free_policy@@@@QBE_NXZ 1000af50 f i libvcruntimed:std_type_info.obj
 0001:00009f80       ?release@?$__crt_unique_heap_ptr@DU__crt_internal_free_policy@@@@QAEXXZ 1000af80 f i libvcruntimed:std_type_info.obj
 0001:00009fb0       ?release@?$__crt_unique_heap_ptr@XU__crt_internal_free_policy@@@@QAEXXZ 1000afb0 f i libvcruntimed:std_type_info.obj
 0001:00009fe0       ___std_type_info_compare   1000afe0 f   libvcruntimed:std_type_info.obj
 0001:0000a010       ___std_type_info_destroy_list 1000b010 f   libvcruntimed:std_type_info.obj
 0001:0000a050       ___std_type_info_hash      1000b050 f   libvcruntimed:std_type_info.obj
 0001:0000a0b0       ___std_type_info_name      1000b0b0 f   libvcruntimed:std_type_info.obj
 0001:0000a290       __local_unwind4            1000b290 f   libvcruntimed:_exsup4_.obj
 0001:0000a366       __seh_longjmp_unwind4@4    1000b366 f   libvcruntimed:_exsup4_.obj
 0001:0000a38e       @_EH4_CallFilterFunc@8     1000b38e f   libvcruntimed:_exsup4_.obj
 0001:0000a3a5       @_EH4_TransferToHandler@8  1000b3a5 f   libvcruntimed:_exsup4_.obj
 0001:0000a3be       @_EH4_GlobalUnwind2@8      1000b3be f   libvcruntimed:_exsup4_.obj
 0001:0000a3d7       @_EH4_LocalUnwind@16       1000b3d7 f   libvcruntimed:_exsup4_.obj
 0001:0000a3f0       ___except_validate_context_record 1000b3f0 f   libvcruntimed:jbcxrval.obj
 0001:0000a440       ___except_validate_jump_buffer 1000b440 f   libvcruntimed:jbcxrval.obj
 0001:0000a490       ??$?RU__vcrt_ptd@@@__crt_internal_free_policy@@QBEXQBU__vcrt_ptd@@@Z 1000b490 f i libvcruntimed:per_thread_data.obj
 0001:0000a4b0       ??0?$__crt_unique_heap_ptr@U__vcrt_ptd@@U__crt_internal_free_policy@@@@QAE@QAU__vcrt_ptd@@@Z 1000b4b0 f i libvcruntimed:per_thread_data.obj
 0001:0000a4f0       ??1?$__crt_unique_heap_ptr@U__vcrt_ptd@@U__crt_internal_free_policy@@@@QAE@XZ 1000b4f0 f i libvcruntimed:per_thread_data.obj
 0001:0000a530       ??B?$__crt_unique_heap_ptr@U__vcrt_ptd@@U__crt_internal_free_policy@@@@QBE_NXZ 1000b530 f i libvcruntimed:per_thread_data.obj
 0001:0000a550       ?detach@?$__crt_unique_heap_ptr@U__vcrt_ptd@@U__crt_internal_free_policy@@@@QAEPAU__vcrt_ptd@@XZ 1000b550 f i libvcruntimed:per_thread_data.obj
 0001:0000a580       ?get@?$__crt_unique_heap_ptr@U__vcrt_ptd@@U__crt_internal_free_policy@@@@QBEPAU__vcrt_ptd@@XZ 1000b580 f i libvcruntimed:per_thread_data.obj
 0001:0000a590       ?is_valid@?$__crt_unique_heap_ptr@U__vcrt_ptd@@U__crt_internal_free_policy@@@@QBE_NXZ 1000b590 f i libvcruntimed:per_thread_data.obj
 0001:0000a5c0       ?release@?$__crt_unique_heap_ptr@U__vcrt_ptd@@U__crt_internal_free_policy@@@@QAEXXZ 1000b5c0 f i libvcruntimed:per_thread_data.obj
 0001:0000a620       ___vcrt_freefls@4          1000b620 f   libvcruntimed:per_thread_data.obj
 0001:0000a650       ___vcrt_freeptd            1000b650 f   libvcruntimed:per_thread_data.obj
 0001:0000a6b0       ___vcrt_getptd             1000b6b0 f   libvcruntimed:per_thread_data.obj
 0001:0000a6d0       ___vcrt_getptd_noexit      1000b6d0 f   libvcruntimed:per_thread_data.obj
 0001:0000a830       ___vcrt_initialize_ptd     1000b830 f   libvcruntimed:per_thread_data.obj
 0001:0000a880       ___vcrt_uninitialize_ptd   1000b880 f   libvcruntimed:per_thread_data.obj
 0001:0000a8b0       ___vcrt_initialize_locks   1000b8b0 f   libvcruntimed:locks.obj
 0001:0000a910       ___vcrt_lock               1000b910 f   libvcruntimed:locks.obj
 0001:0000a930       ___vcrt_uninitialize_locks 1000b930 f   libvcruntimed:locks.obj
 0001:0000a980       ___vcrt_unlock             1000b980 f   libvcruntimed:locks.obj
 0001:0000a9a0       ??$?BX@__crt_fast_encoded_nullptr_t@@QBEPAXXZ 1000b9a0 f i libvcruntimed:winapi_downlevel.obj
 0001:0000a9c0       ??$__crt_fast_decode_pointer@PAX@@YAPAXQAX@Z 1000b9c0 f i libvcruntimed:winapi_downlevel.obj
 0001:0000a9f0       ??$__crt_fast_encode_pointer@PAX@@YAPAXQAX@Z 1000b9f0 f i libvcruntimed:winapi_downlevel.obj
 0001:0000aa20       ??$__crt_interlocked_compare_exchange_pointer@UHINSTANCE__@@$$T$$T@@YAPAUHINSTANCE__@@PDSAU0@$$T1@Z 1000ba20 f i libvcruntimed:winapi_downlevel.obj
 0001:0000aa40       ??$__crt_interlocked_compare_exchange_pointer@X$$T$$T@@YAPAXPDSAX$$T1@Z 1000ba40 f i libvcruntimed:winapi_downlevel.obj
 0001:0000aa60       ??$__crt_interlocked_exchange_pointer@UHINSTANCE__@@PAU1@@@YAPAUHINSTANCE__@@PDSAU0@QAU0@@Z 1000ba60 f i libvcruntimed:winapi_downlevel.obj
 0001:0000aa70       ??$__crt_interlocked_exchange_pointer@UHINSTANCE__@@PAX@@YAPAUHINSTANCE__@@PDSAU0@QAX@Z 1000ba70 f i libvcruntimed:winapi_downlevel.obj
 0001:0000aa80       ??$__crt_interlocked_exchange_pointer@XPAX@@YAPAXPDSAXQAX@Z 1000ba80 f i libvcruntimed:winapi_downlevel.obj
 0001:0000aa90       ??$__crt_interlocked_read_pointer@UHINSTANCE__@@@@YAPAUHINSTANCE__@@PDSAU0@@Z 1000ba90 f i libvcruntimed:winapi_downlevel.obj
 0001:0000aab0       ??$__crt_interlocked_read_pointer@X@@YAPAXPDSAX@Z 1000bab0 f i libvcruntimed:winapi_downlevel.obj
 0001:0000aad0       ?__crt_fast_encode_pointer@@YA?AU__crt_fast_encoded_nullptr_t@@$$T@Z 1000bad0 f i libvcruntimed:winapi_downlevel.obj
 0001:0000af20       ___vcrt_EventRegister      1000bf20 f   libvcruntimed:winapi_downlevel.obj
 0001:0000af60       ___vcrt_EventSetInformation 1000bf60 f   libvcruntimed:winapi_downlevel.obj
 0001:0000afb0       ___vcrt_EventUnregister    1000bfb0 f   libvcruntimed:winapi_downlevel.obj
 0001:0000aff0       ___vcrt_EventWriteTransfer 1000bff0 f   libvcruntimed:winapi_downlevel.obj
 0001:0000b040       ___vcrt_FlsAlloc           1000c040 f   libvcruntimed:winapi_downlevel.obj
 0001:0000b080       ___vcrt_FlsFree            1000c080 f   libvcruntimed:winapi_downlevel.obj
 0001:0000b0c0       ___vcrt_FlsGetValue        1000c0c0 f   libvcruntimed:winapi_downlevel.obj
 0001:0000b100       ___vcrt_FlsSetValue        1000c100 f   libvcruntimed:winapi_downlevel.obj
 0001:0000b150       ___vcrt_InitializeCriticalSectionEx 1000c150 f   libvcruntimed:winapi_downlevel.obj
 0001:0000b1a0       ___vcrt_initialize_winapi_thunks 1000c1a0 f   libvcruntimed:winapi_downlevel.obj
 0001:0000b200       ___vcrt_uninitialize_winapi_thunks 1000c200 f   libvcruntimed:winapi_downlevel.obj
 0001:0000b270       ??$?B$$A6AXXZ@__crt_fast_encoded_nullptr_t@@QBEP6AXXZXZ 1000c270 f i libvcruntimed:purevirt_data.obj
 0001:0000b290       ??$__crt_fast_encode_pointer@P6AXXZ@@YAP6AXXZQ6AXXZ@Z 1000c290 f i libvcruntimed:purevirt_data.obj
 0001:0000b2c0       ___vcrt_initialize_pure_virtual_call_handler 1000c2c0 f   libvcruntimed:purevirt_data.obj
 0001:0000b2f0       ??0Block@_HeapManager@@QAE@XZ 1000c2f0 f i libvcruntimed:undname.obj
 0001:0000b310       ??0DName@@QAE@AAPBDD@Z     1000c310 f   libvcruntimed:undname.obj
 0001:0000b5d0       ??0DName@@QAE@ABV0@@Z      1000c5d0 f i libvcruntimed:undname.obj
 0001:0000b5f0       ??0DName@@QAE@D@Z          1000c5f0 f   libvcruntimed:undname.obj
 0001:0000b6d0       ??0DName@@QAE@PAV0@@Z      1000c6d0 f   libvcruntimed:undname.obj
 0001:0000b810       ??0DName@@QAE@PBD@Z        1000c810 f   libvcruntimed:undname.obj
 0001:0000b900       ??0DName@@QAE@W4DNameStatus@@@Z 1000c900 f   libvcruntimed:undname.obj
 0001:0000ba20       ??0DName@@QAE@XZ           1000ca20 f i libvcruntimed:undname.obj
 0001:0000bae0       ??0DName@@QAE@_J@Z         1000cae0 f   libvcruntimed:undname.obj
 0001:0000bc60       ??0DName@@QAE@_K@Z         1000cc60 f   libvcruntimed:undname.obj
 0001:0000bda0       ??0DNameNode@@IAE@XZ       1000cda0 f   libvcruntimed:undname.obj
 0001:0000bdc0       ??0DNameStatusNode@@AAE@W4DNameStatus@@@Z 1000cdc0 f   libvcruntimed:undname.obj
 0001:0000be10       ??0Replicator@@QAE@XZ      1000ce10 f i libvcruntimed:undname.obj
 0001:0000be30       ??0UnDecorator@@QAE@PADPBDHP6APADJ@ZK@Z 1000ce30 f i libvcruntimed:undname.obj
 0001:0000bed0       ??0charNode@@QAE@D@Z       1000ced0 f   libvcruntimed:undname.obj
 0001:0000bf00       ??0pDNameNode@@QAE@PAVDName@@@Z 1000cf00 f   libvcruntimed:undname.obj
 0001:0000bf60       ??0pairNode@@QAE@PAVDNameNode@@0@Z 1000cf60 f   libvcruntimed:undname.obj
 0001:0000bfa0       ??0pcharNode@@QAE@PBDH@Z   1000cfa0 f   libvcruntimed:undname.obj
 0001:0000c040       ??2@YAPAXIAAV_HeapManager@@H@Z 1000d040 f i libvcruntimed:undname.obj
 0001:0000c060       ??4DName@@QAEAAV0@ABV0@@Z  1000d060 f   libvcruntimed:undname.obj
 0001:0000c080       ??4DName@@QAEAAV0@D@Z      1000d080 f i libvcruntimed:undname.obj
 0001:0000c160       ??4DName@@QAEAAV0@PAV0@@Z  1000d160 f   libvcruntimed:undname.obj
 0001:0000c290       ??4DName@@QAEAAV0@PBD@Z    1000d290 f   libvcruntimed:undname.obj
 0001:0000c370       ??4DName@@QAEAAV0@W4DNameStatus@@@Z 1000d370 f   libvcruntimed:undname.obj
 0001:0000c470       ??AReplicator@@QBE?AVDName@@H@Z 1000d470 f   libvcruntimed:undname.obj
 0001:0000c4e0       ??BUnDecorator@@QAEPADXZ   1000d4e0 f i libvcruntimed:undname.obj
 0001:0000c790       ??H@YA?AVDName@@DABV0@@Z   1000d790 f i libvcruntimed:undname.obj
 0001:0000c7c0       ??H@YA?AVDName@@PBDABV0@@Z 1000d7c0 f i libvcruntimed:undname.obj
 0001:0000c7f0       ??H@YA?AVDName@@W4DNameStatus@@ABV0@@Z 1000d7f0 f i libvcruntimed:undname.obj
 0001:0000c820       ??HDName@@QBE?AV0@ABV0@@Z  1000d820 f   libvcruntimed:undname.obj
 0001:0000c860       ??HDName@@QBE?AV0@D@Z      1000d860 f   libvcruntimed:undname.obj
 0001:0000c8a0       ??HDName@@QBE?AV0@PAV0@@Z  1000d8a0 f   libvcruntimed:undname.obj
 0001:0000c8e0       ??HDName@@QBE?AV0@PBD@Z    1000d8e0 f   libvcruntimed:undname.obj
 0001:0000c920       ??HDName@@QBE?AV0@W4DNameStatus@@@Z 1000d920 f   libvcruntimed:undname.obj
 0001:0000c960       ??YDName@@QAEAAV0@ABV0@@Z  1000d960 f   libvcruntimed:undname.obj
 0001:0000c9d0       ??YDName@@QAEAAV0@D@Z      1000d9d0 f   libvcruntimed:undname.obj
 0001:0000ca50       ??YDName@@QAEAAV0@PAV0@@Z  1000da50 f   libvcruntimed:undname.obj
 0001:0000cb00       ??YDName@@QAEAAV0@PBD@Z    1000db00 f   libvcruntimed:undname.obj
 0001:0000cba0       ??YDName@@QAEAAV0@W4DNameStatus@@@Z 1000dba0 f   libvcruntimed:undname.obj
 0001:0000cc00       ??YReplicator@@QAEAAV0@ABVDName@@@Z 1000dc00 f   libvcruntimed:undname.obj
 0001:0000cc90       ??_5DName@@QAEAAV0@ABV0@@Z 1000dc90 f   libvcruntimed:undname.obj
 0001:0000ccf0       ?Constructor@_HeapManager@@QAEXP6APAXI@ZP6AXPAX@Z@Z 1000dcf0 f i libvcruntimed:undname.obj
 0001:0000cd30       ?Destructor@_HeapManager@@QAEXXZ 1000dd30 f i libvcruntimed:undname.obj
 0001:0000cd90       ?UScore@UnDecorator@@SAPBDW4Tokens@@@Z 1000dd90 f   libvcruntimed:undname.obj
 0001:0000cdc0       ?append@DName@@AAEXPAVDNameNode@@@Z 1000ddc0 f   libvcruntimed:undname.obj
 0001:0000ce50       ?composeDeclaration@UnDecorator@@CA?AVDName@@ABV2@@Z 1000de50 f i libvcruntimed:undname.obj
 0001:0000eae0       ?dbGetString@DName@@QBEPADXZ 1000fae0 f   libvcruntimed:undname.obj
 0001:0000eb00       ?doAccessSpecifiers@UnDecorator@@SAHXZ 1000fb00 f i libvcruntimed:undname.obj
 0001:0000eb30       ?doAllocationLanguage@UnDecorator@@SAHXZ 1000fb30 f i libvcruntimed:undname.obj
 0001:0000eb60       ?doAllocationModel@UnDecorator@@SAHXZ 1000fb60 f i libvcruntimed:undname.obj
 0001:0000eb90       ?doEcsu@UnDecorator@@SAHXZ 1000fb90 f i libvcruntimed:undname.obj
 0001:0000ebc0       ?doEllipsis@UnDecorator@@SAHXZ 1000fbc0 f i libvcruntimed:undname.obj
 0001:0000ebf0       ?doFunctionReturns@UnDecorator@@SAHXZ 1000fbf0 f i libvcruntimed:undname.obj
 0001:0000ec20       ?doMSKeywords@UnDecorator@@SAHXZ 1000fc20 f i libvcruntimed:undname.obj
 0001:0000ec50       ?doMemberTypes@UnDecorator@@SAHXZ 1000fc50 f i libvcruntimed:undname.obj
 0001:0000ec80       ?doNameOnly@UnDecorator@@SAHXZ 1000fc80 f i libvcruntimed:undname.obj
 0001:0000ec90       ?doNoIdentCharCheck@UnDecorator@@SAHXZ 1000fc90 f i libvcruntimed:undname.obj
 0001:0000eca0       ?doPchar@DName@@AAEXPBDH@Z 1000fca0 f   libvcruntimed:undname.obj
 0001:0000ede0       ?doPtr64@UnDecorator@@SAHXZ 1000fde0 f i libvcruntimed:undname.obj
 0001:0000ee10       ?doRestrictionSpec@UnDecorator@@SAHXZ 1000fe10 f i libvcruntimed:undname.obj
 0001:0000ee40       ?doThisTypes@UnDecorator@@SAHXZ 1000fe40 f i libvcruntimed:undname.obj
 0001:0000ee70       ?doThrowTypes@UnDecorator@@SAHXZ 1000fe70 f i libvcruntimed:undname.obj
 0001:0000eea0       ?doTypeOnly@UnDecorator@@SAHXZ 1000fea0 f i libvcruntimed:undname.obj
 0001:0000eeb0       ?doUnderScore@UnDecorator@@SAHXZ 1000feb0 f i libvcruntimed:undname.obj
 0001:0000eee0       ?getArgumentList@UnDecorator@@CA?AVDName@@XZ 1000fee0 f   libvcruntimed:undname.obj
 0001:0000f030       ?getArgumentTypes@UnDecorator@@CA?AVDName@@XZ 10010030 f   libvcruntimed:undname.obj
 0001:0000f190       ?getArrayType@UnDecorator@@CA?AVDName@@ABV2@@Z 10010190 f i libvcruntimed:undname.obj
 0001:0000f3d0       ?getBasedType@UnDecorator@@CA?AVDName@@XZ 100103d0 f   libvcruntimed:undname.obj
 0001:0000f490       ?getBasicDataType@UnDecorator@@CA?AVDName@@ABV2@@Z 10010490 f   libvcruntimed:undname.obj
 0001:0000fa80       ?getCallIndex@UnDecorator@@CA?AVDName@@XZ 10010a80 f i libvcruntimed:undname.obj
 0001:0000faa0       ?getCallingConvention@UnDecorator@@CA?AVDName@@XZ 10010aa0 f   libvcruntimed:undname.obj
 0001:0000fc30       ?getDataIndirectType@UnDecorator@@CA?AVDName@@ABV2@PBD0H@Z 10010c30 f   libvcruntimed:undname.obj
 0001:000103f0       ?getDataIndirectType@UnDecorator@@CA?AVDName@@XZ 100113f0 f i libvcruntimed:undname.obj
 0001:00010430       ?getDataType@UnDecorator@@CA?AVDName@@PAV2@@Z 10011430 f   libvcruntimed:undname.obj
 0001:00010550       ?getDecoratedName@UnDecorator@@CA?AVDName@@XZ 10011550 f   libvcruntimed:undname.obj
 0001:00010870       ?getDimension@UnDecorator@@CA?AVDName@@_N@Z 10011870 f   libvcruntimed:undname.obj
 0001:00010b20       ?getDispatchTarget@UnDecorator@@CA?AVDName@@XZ 10011b20 f   libvcruntimed:undname.obj
 0001:00010bc0       ?getDisplacement@UnDecorator@@CA?AVDName@@XZ 10011bc0 f i libvcruntimed:undname.obj
 0001:00010be0       ?getECSUDataType@UnDecorator@@CA?AVDName@@XZ 10011be0 f   libvcruntimed:undname.obj
 0001:00010db0       ?getECSUName@UnDecorator@@CA?AVDName@@XZ 10011db0 f i libvcruntimed:undname.obj
 0001:00010dd0       ?getEnumType@UnDecorator@@CA?AVDName@@XZ 10011dd0 f i libvcruntimed:undname.obj
 0001:00010f20       ?getExtendedDataIndirectType@UnDecorator@@CA?AVDName@@AAPBDAA_NH@Z 10011f20 f   libvcruntimed:undname.obj
 0001:00011170       ?getExternalDataType@UnDecorator@@CA?AVDName@@ABV2@@Z 10012170 f i libvcruntimed:undname.obj
 0001:00011200       ?getFunctionIndirectType@UnDecorator@@CA?AVDName@@ABV2@@Z 10012200 f   libvcruntimed:undname.obj
 0001:00011690       ?getGuardNumber@UnDecorator@@CA?AVDName@@XZ 10012690 f i libvcruntimed:undname.obj
 0001:000116b0       ?getLastChar@DName@@QBEDXZ 100126b0 f i libvcruntimed:undname.obj
 0001:000116f0       ?getLastChar@DNameStatusNode@@UBEDXZ 100126f0 f i libvcruntimed:undname.obj
 0001:00011720       ?getLastChar@charNode@@UBEDXZ 10012720 f i libvcruntimed:undname.obj
 0001:00011740       ?getLastChar@pDNameNode@@UBEDXZ 10012740 f i libvcruntimed:undname.obj
 0001:00011770       ?getLastChar@pairNode@@UBEDXZ 10012770 f i libvcruntimed:undname.obj
 0001:000117e0       ?getLastChar@pcharNode@@UBEDXZ 100127e0 f i libvcruntimed:undname.obj
 0001:00011820       ?getLexicalFrame@UnDecorator@@CA?AVDName@@XZ 10012820 f i libvcruntimed:undname.obj
 0001:00011860       ?getMemory@_HeapManager@@QAEPAXIH@Z 10012860 f   libvcruntimed:undname.obj
 0001:00011980       ?getNumberOfDimensions@UnDecorator@@CAHXZ 10012980 f   libvcruntimed:undname.obj
 0001:00011a80       ?getOperatorName@UnDecorator@@CA?AVDName@@_NPA_N@Z 10012a80 f i libvcruntimed:undname.obj
 0001:000124b0       ?getPointerType@UnDecorator@@CA?AVDName@@ABV2@0@Z 100134b0 f i libvcruntimed:undname.obj
 0001:000124e0       ?getPointerTypeArray@UnDecorator@@CA?AVDName@@ABV2@0@Z 100134e0 f i libvcruntimed:undname.obj
 0001:00012510       ?getPrimaryDataType@UnDecorator@@CA?AVDName@@ABV2@@Z 10013510 f   libvcruntimed:undname.obj
 0001:00012910       ?getPtrRefDataType@UnDecorator@@CA?AVDName@@ABV2@H@Z 10013910 f   libvcruntimed:undname.obj
 0001:00012ab0       ?getPtrRefType@UnDecorator@@CA?AVDName@@ABV2@0PBD@Z 10013ab0 f   libvcruntimed:undname.obj
 0001:00012c20       ?getReferenceType@UnDecorator@@CA?AVDName@@ABV2@0PBD@Z 10013c20 f i libvcruntimed:undname.obj
 0001:00012c40       ?getRestrictionSpec@UnDecorator@@CA?AVDName@@XZ 10013c40 f   libvcruntimed:undname.obj
 0001:00012d90       ?getReturnType@UnDecorator@@CA?AVDName@@PAV2@@Z 10013d90 f   libvcruntimed:undname.obj
 0001:00012de0       ?getScope@UnDecorator@@CA?AVDName@@XZ 10013de0 f   libvcruntimed:undname.obj
 0001:000132d0       ?getScopedName@UnDecorator@@CA?AVDName@@XZ 100142d0 f   libvcruntimed:undname.obj
 0001:000133f0       ?getSignedDimension@UnDecorator@@CA?AVDName@@XZ 100143f0 f   libvcruntimed:undname.obj
 0001:00013470       ?getStorageConvention@UnDecorator@@CA?AVDName@@XZ 10014470 f i libvcruntimed:undname.obj
 0001:00013490       ?getString@DName@@QBEPADPAD0@Z 10014490 f i libvcruntimed:undname.obj
 0001:000134e0       ?getString@DName@@QBEPADPADH@Z 100144e0 f i libvcruntimed:undname.obj
 0001:00013570       ?getString@DNameStatusNode@@UBEPADPAD0@Z 10014570 f i libvcruntimed:undname.obj
 0001:000135b0       ?getString@charNode@@UBEPADPAD0@Z 100145b0 f i libvcruntimed:undname.obj
 0001:000135e0       ?getString@pDNameNode@@UBEPADPAD0@Z 100145e0 f i libvcruntimed:undname.obj
 0001:00013620       ?getString@pairNode@@UBEPADPAD0@Z 10014620 f i libvcruntimed:undname.obj
 0001:000136a0       ?getString@pcharNode@@UBEPADPAD0@Z 100146a0 f i libvcruntimed:undname.obj
 0001:000136d0       ?getStringEncoding@UnDecorator@@CA?AVDName@@PADH@Z 100146d0 f   libvcruntimed:undname.obj
 0001:000137e0       ?getStringHelper@@YAPADPAD00H@Z 100147e0 f i libvcruntimed:undname.obj
 0001:00013820       ?getSymbolName@UnDecorator@@CA?AVDName@@XZ 10014820 f i libvcruntimed:undname.obj
 0001:000138b0       ?getTemplateArgumentList@UnDecorator@@CA?AVDName@@XZ 100148b0 f   libvcruntimed:undname.obj
 0001:00013cb0       ?getTemplateConstant@UnDecorator@@CA?AVDName@@XZ 10014cb0 f   libvcruntimed:undname.obj
 0001:00014260       ?getTemplateName@UnDecorator@@CA?AVDName@@_N@Z 10015260 f   libvcruntimed:undname.obj
 0001:00014430       ?getThisType@UnDecorator@@CA?AVDName@@XZ 10015430 f i libvcruntimed:undname.obj
 0001:00014470       ?getThrowTypes@UnDecorator@@CA?AVDName@@XZ 10015470 f   libvcruntimed:undname.obj
 0001:00014520       ?getTypeEncoding@UnDecorator@@CAHXZ 10015520 f i libvcruntimed:undname.obj
 0001:00014f60       ?getVCallThunkType@UnDecorator@@CA?AVDName@@XZ 10015f60 f i libvcruntimed:undname.obj
 0001:00014fc0       ?getVbTableType@UnDecorator@@CA?AVDName@@ABV2@@Z 10015fc0 f i libvcruntimed:undname.obj
 0001:00014fe0       ?getVdispMapType@UnDecorator@@CA?AVDName@@ABV2@@Z 10015fe0 f i libvcruntimed:undname.obj
 0001:00015050       ?getVfTableType@UnDecorator@@CA?AVDName@@ABV2@@Z 10016050 f i libvcruntimed:undname.obj
 0001:00015210       ?getZName@UnDecorator@@CA?AVDName@@_N0@Z 10016210 f   libvcruntimed:undname.obj
 0001:000154e0       ?haveTemplateParameters@UnDecorator@@SAHXZ 100164e0 f i libvcruntimed:undname.obj
 0001:000154f0       ?isArray@DName@@QBEHXZ     100164f0 f i libvcruntimed:undname.obj
 0001:00015510       ?isComArray@DName@@QBEHXZ  10016510 f i libvcruntimed:undname.obj
 0001:00015530       ?isEmpty@DName@@QBEHXZ     10016530 f i libvcruntimed:undname.obj
 0001:00015560       ?isFull@Replicator@@QBEHXZ 10016560 f i libvcruntimed:undname.obj
 0001:00015590       ?isNoTE@DName@@QBEHXZ      10016590 f i libvcruntimed:undname.obj
 0001:000155b0       ?isPinPtr@DName@@QBEHXZ    100165b0 f i libvcruntimed:undname.obj
 0001:000155d0       ?isPtrRef@DName@@QBEHXZ    100165d0 f i libvcruntimed:undname.obj
 0001:000155f0       ?isUDC@DName@@QBEHXZ       100165f0 f i libvcruntimed:undname.obj
 0001:00015630       ?isUDTThunk@DName@@QBEHXZ  10016630 f i libvcruntimed:undname.obj
 0001:00015670       ?isVCallThunk@DName@@QBEHXZ 10016670 f i libvcruntimed:undname.obj
 0001:00015690       ?isValid@DName@@QBEHXZ     10016690 f i libvcruntimed:undname.obj
 0001:000156d0       ?length@DName@@QBEHXZ      100166d0 f i libvcruntimed:undname.obj
 0001:00015710       ?length@DNameStatusNode@@UBEHXZ 10016710 f i libvcruntimed:undname.obj
 0001:00015730       ?length@charNode@@UBEHXZ   10016730 f i libvcruntimed:undname.obj
 0001:00015740       ?length@pDNameNode@@UBEHXZ 10016740 f i libvcruntimed:undname.obj
 0001:00015770       ?length@pairNode@@UBEHXZ   10016770 f i libvcruntimed:undname.obj
 0001:000157e0       ?length@pcharNode@@UBEHXZ  100167e0 f i libvcruntimed:undname.obj
 0001:00015800       ?make@DNameStatusNode@@SAPAV1@W4DNameStatus@@@Z 10016800 f i libvcruntimed:undname.obj
 0001:00015880       ?setIsArray@DName@@QAEXXZ  10016880 f i libvcruntimed:undname.obj
 0001:000158a0       ?setIsComArray@DName@@QAEXXZ 100168a0 f i libvcruntimed:undname.obj
 0001:000158c0       ?setIsNoTE@DName@@QAEXXZ   100168c0 f i libvcruntimed:undname.obj
 0001:000158e0       ?setIsPinPtr@DName@@QAEXXZ 100168e0 f i libvcruntimed:undname.obj
 0001:00015900       ?setIsUDC@DName@@QAEXXZ    10016900 f i libvcruntimed:undname.obj
 0001:00015930       ?setIsVCallThunk@DName@@QAEXXZ 10016930 f i libvcruntimed:undname.obj
 0001:00015950       ?setPtrRef@DName@@QAEAAV1@XZ 10016950 f i libvcruntimed:undname.obj
 0001:00015970       ?status@DName@@QBE?AW4DNameStatus@@XZ 10016970 f i libvcruntimed:undname.obj
 0001:00015a70       ___unDName                 10016a70 f   libvcruntimed:undname.obj
 0001:00015b40       ___unDNameEx               10016b40 f   libvcruntimed:undname.obj
 0001:00015c10       __global_unwind2           10016c10 f   libvcruntimed:_exsup_.obj
 0001:00015c75       __local_unwind2            10016c75 f   libvcruntimed:_exsup_.obj
 0001:00015cf9       __abnormal_termination     10016cf9 f   libvcruntimed:_exsup_.obj
 0001:00015d1c       __NLG_Notify1              10016d1c f   libvcruntimed:_exsup_.obj
 0001:00015d25       __NLG_Notify               10016d25 f   libvcruntimed:_exsup_.obj
 0001:00015d3c       __NLG_Dispatch             10016d3c     libvcruntimed:_exsup_.obj
 0001:00015d3c       __NLG_Dispatch2            10016d3c     libvcruntimed:_exsup_.obj
 0001:00015d44       __NLG_Call                 10016d44 f   libvcruntimed:_exsup_.obj
 0001:00015d46       __NLG_Return2              10016d46     libvcruntimed:_exsup_.obj
 0001:00015d50       ??$__crt_fast_decode_pointer@P6AXXZ@@YAP6AXXZQ6AXXZ@Z 10016d50 f i libvcruntimed:purevirt.obj
 0001:00015d80       ??$__crt_interlocked_compare_exchange_pointer@$$A6AXXZ$$T$$T@@YAP6AXXZPDS6AXXZ$$T1@Z 10016d80 f i libvcruntimed:purevirt.obj
 0001:00015da0       ??$__crt_interlocked_exchange_pointer@$$A6AXXZP6AXXZ@@YAP6AXXZPDS6AXXZQ6AXXZ@Z 10016da0 f i libvcruntimed:purevirt.obj
 0001:00015db0       ??$__crt_interlocked_read_pointer@$$A6AXXZ@@YAP6AXXZPDS6AXXZ@Z 10016db0 f i libvcruntimed:purevirt.obj
 0001:00015dd0       __get_purecall_handler     10016dd0 f   libvcruntimed:purevirt.obj
 0001:00015df0       __purecall                 10016df0 f   libvcruntimed:purevirt.obj
 0001:00015e20       __set_purecall_handler     10016e20 f   libvcruntimed:purevirt.obj
 0001:00015e50       ??$__crt_interlocked_read@J@@YAJPDJ@Z 10016e50 f i libucrtd:assert.obj
 0001:00015e70       ??$__vcrt_va_start_verify_argument_type@QB_W@@YAXXZ 10016e70 f i libucrtd:assert.obj
 0001:00017900       ??$ftprintf@PAU_iobuf@@PBDABQBDABQBDABI@?$__crt_char_traits@D@@SAH$$QAPAU_iobuf@@$$QAPBDABQBD2ABI@Z 10018900 f i libucrtd:assert.obj
 0001:00017930       ??$ftprintf@PAU_iobuf@@PB_WABQB_WABQB_WABI@?$__crt_char_traits@_W@@SAH$$QAPAU_iobuf@@$$QAPB_WABQB_W2ABI@Z 10018930 f i libucrtd:assert.obj
 0001:00017960       ??$get_module_file_name@AAPAUHINSTANCE__@@AAY0BAF@DK@?$__crt_char_traits@D@@SAKAAPAUHINSTANCE__@@AAY0BAF@D$$QAK@Z 10018960 f i libucrtd:assert.obj
 0001:00017980       ??$get_module_file_name@AAPAUHINSTANCE__@@AAY0BAF@_WK@?$__crt_char_traits@_W@@SAKAAPAUHINSTANCE__@@AAY0BAF@_W$$QAK@Z 10018980 f i libucrtd:assert.obj
 0001:000179a0       ??$itot_s@ABIQAD$$CBIH@?$__crt_char_traits@D@@SAHABI$$QBQAD$$QBI$$QAH@Z 100189a0 f i libucrtd:assert.obj
 0001:000179d0       ??$itot_s@ABIQA_W$$CBIH@?$__crt_char_traits@_W@@SAHABI$$QBQA_W$$QBI$$QAH@Z 100189d0 f i libucrtd:assert.obj
 0001:00017a00       ??$show_message_box@AAY0CEA@DPBDJ@?$__crt_char_traits@D@@SAHAAY0CEA@D$$QAPBD$$QAJ@Z 10018a00 f i libucrtd:assert.obj
 0001:00017a20       ??$show_message_box@AAY0CEA@_WPB_WJ@?$__crt_char_traits@_W@@SAHAAY0CEA@_W$$QAPB_W$$QAJ@Z 10018a20 f i libucrtd:assert.obj
 0001:00017a40       ??$tcscat_s@ABQADABIAAPAD@?$__crt_char_traits@D@@SAHABQADABIAAPAD@Z 10018a40 f i libucrtd:assert.obj
 0001:00017a70       ??$tcscat_s@ABQADABIABQBD@?$__crt_char_traits@D@@SAHABQADABIABQBD@Z 10018a70 f i libucrtd:assert.obj
 0001:00017aa0       ??$tcscat_s@ABQADABIPBD@?$__crt_char_traits@D@@SAHABQADABI$$QAPBD@Z 10018aa0 f i libucrtd:assert.obj
 0001:00017ad0       ??$tcscat_s@ABQA_WABIAAPA_W@?$__crt_char_traits@_W@@SAHABQA_WABIAAPA_W@Z 10018ad0 f i libucrtd:assert.obj
 0001:00017b00       ??$tcscat_s@ABQA_WABIABQB_W@?$__crt_char_traits@_W@@SAHABQA_WABIABQB_W@Z 10018b00 f i libucrtd:assert.obj
 0001:00017b30       ??$tcscat_s@ABQA_WABIPB_W@?$__crt_char_traits@_W@@SAHABQA_WABI$$QAPB_W@Z 10018b30 f i libucrtd:assert.obj
 0001:00017b60       ??$tcscpy_s@AAY0BAF@DIPBD@?$__crt_char_traits@D@@SAHAAY0BAF@D$$QAI$$QAPBD@Z 10018b60 f i libucrtd:assert.obj
 0001:00017b80       ??$tcscpy_s@AAY0BAF@_WIPB_W@?$__crt_char_traits@_W@@SAHAAY0BAF@_W$$QAI$$QAPB_W@Z 10018b80 f i libucrtd:assert.obj
 0001:00017ba0       ??$tcscpy_s@ABQADABIPBD@?$__crt_char_traits@D@@SAHABQADABI$$QAPBD@Z 10018ba0 f i libucrtd:assert.obj
 0001:00017bd0       ??$tcscpy_s@ABQA_WABIPB_W@?$__crt_char_traits@_W@@SAHABQA_WABI$$QAPB_W@Z 10018bd0 f i libucrtd:assert.obj
 0001:00017c00       ??$tcslen@AAY0BAF@D@?$__crt_char_traits@D@@SAIAAY0BAF@D@Z 10018c00 f i libucrtd:assert.obj
 0001:00017c20       ??$tcslen@AAY0BAF@_W@?$__crt_char_traits@_W@@SAIAAY0BAF@_W@Z 10018c20 f i libucrtd:assert.obj
 0001:00017c40       ??$tcslen@ABQAD@?$__crt_char_traits@D@@SAIABQAD@Z 10018c40 f i libucrtd:assert.obj
 0001:00017c60       ??$tcslen@ABQA_W@?$__crt_char_traits@_W@@SAIABQA_W@Z 10018c60 f i libucrtd:assert.obj
 0001:00017c80       ??$tcslen@ABQBD@?$__crt_char_traits@D@@SAIABQBD@Z 10018c80 f i libucrtd:assert.obj
 0001:00017ca0       ??$tcslen@ABQB_W@?$__crt_char_traits@_W@@SAIABQB_W@Z 10018ca0 f i libucrtd:assert.obj
 0001:00017cc0       ??$tcsncat_s@ABQADABIAAPBD$$CBI@?$__crt_char_traits@D@@SAHABQADABIAAPBD$$QBI@Z 10018cc0 f i libucrtd:assert.obj
 0001:00017cf0       ??$tcsncat_s@ABQADABIABQBDABI@?$__crt_char_traits@D@@SAHABQADABIABQBD1@Z 10018cf0 f i libucrtd:assert.obj
 0001:00017d20       ??$tcsncat_s@ABQADABIPBD$$CBI@?$__crt_char_traits@D@@SAHABQADABI$$QAPBD$$QBI@Z 10018d20 f i libucrtd:assert.obj
 0001:00017d50       ??$tcsncat_s@ABQA_WABIAAPB_W$$CBI@?$__crt_char_traits@_W@@SAHABQA_WABIAAPB_W$$QBI@Z 10018d50 f i libucrtd:assert.obj
 0001:00017d80       ??$tcsncat_s@ABQA_WABIABQB_WABI@?$__crt_char_traits@_W@@SAHABQA_WABIABQB_W1@Z 10018d80 f i libucrtd:assert.obj
 0001:00017db0       ??$tcsncat_s@ABQA_WABIPB_W$$CBI@?$__crt_char_traits@_W@@SAHABQA_WABI$$QAPB_W$$QBI@Z 10018db0 f i libucrtd:assert.obj
 0001:00017de0       ??0__crt_stdio_stream@@QAE@QAU_iobuf@@@Z 10018de0 f i libucrtd:assert.obj
 0001:00017e00       ?__crt_interlocked_read_32@@YAHPDH@Z 10018e00 f i libucrtd:assert.obj
 0001:00017ff0       ?get_flags@__crt_stdio_stream@@QBEJXZ 10018ff0 f i libucrtd:assert.obj
 0001:000180d0       ?has_any_buffer@__crt_stdio_stream@@QBE_NXZ 100190d0 f i libucrtd:assert.obj
 0001:000180f0       ?has_any_of@__crt_stdio_stream@@QBE_NJ@Z 100190f0 f i libucrtd:assert.obj
 0001:00018130       __assert                   10019130 f   libucrtd:assert.obj
 0001:00018150       __invoke_watson_if_error   10019150 f i libucrtd:assert.obj
 0001:00018180       __vfwprintf_l              10019180 f i libucrtd:assert.obj
 0001:000181b0       __vswprintf_c_l            100191b0 f i libucrtd:assert.obj
 0001:00018200       __wassert                  10019200 f   libucrtd:assert.obj
 0001:00018220       _fwprintf                  10019220 f i libucrtd:assert.obj
 0001:00018370       _swprintf                  10019370 f i libucrtd:assert.obj
 0001:000183b0       ??$?RPAU__crt_stdio_stream_data@@@__crt_internal_free_policy@@QBEXQBQAU__crt_stdio_stream_data@@@Z 100193b0 f i libucrtd:_file.obj
 0001:000183d0       ??0?$__crt_unique_heap_ptr@PAU__crt_stdio_stream_data@@U__crt_internal_free_policy@@@@QAE@QAPAU__crt_stdio_stream_data@@@Z 100193d0 f i libucrtd:_file.obj
 0001:000183f0       ??1?$__crt_unique_heap_ptr@PAU__crt_stdio_stream_data@@U__crt_internal_free_policy@@@@QAE@XZ 100193f0 f i libucrtd:_file.obj
 0001:00018410       ??C__crt_stdio_stream@@QBEPAU__crt_stdio_stream_data@@XZ 10019410 f i libucrtd:_file.obj
 0001:00018430       ?detach@?$__crt_unique_heap_ptr@PAU__crt_stdio_stream_data@@U__crt_internal_free_policy@@@@QAEPAPAU__crt_stdio_stream_data@@XZ 10019430 f i libucrtd:_file.obj
 0001:00018460       ?release@?$__crt_unique_heap_ptr@PAU__crt_stdio_stream_data@@U__crt_internal_free_policy@@@@QAEXXZ 10019460 f i libucrtd:_file.obj
 0001:00018490       ___acrt_initialize_stdio   10019490 f   libucrtd:_file.obj
 0001:00018600       ___acrt_iob_func           10019600 f   libucrtd:_file.obj
 0001:00018610       ___acrt_uninitialize_stdio 10019610 f   libucrtd:_file.obj
 0001:00018690       __get_stream_buffer_pointers 10019690 f   libucrtd:_file.obj
 0001:00018770       __lock_file                10019770 f   libucrtd:_file.obj
 0001:000187a0       __unlock_file              100197a0 f   libucrtd:_file.obj
 0001:000187d0       ??$?0ABV?$stream_output_adapter@D@__crt_stdio_output@@AB_KABQBDABQAU__crt_locale_pointers@@ABQAD@?$format_validation_base@DV?$stream_output_adapter@D@__crt_stdio_output@@@__crt_stdio_output@@IAE@ABV?$stream_output_adapter@D@1@AB_KABQBDABQAU__crt_locale_pointers@@ABQAD@Z 100197d0 f i libucrtd:output.obj
 0001:00018800       ??$?0ABV?$stream_output_adapter@D@__crt_stdio_output@@AB_KABQBDABQAU__crt_locale_pointers@@ABQAD@?$positional_parameter_base@DV?$stream_output_adapter@D@__crt_stdio_output@@@__crt_stdio_output@@IAE@ABV?$stream_output_adapter@D@1@AB_KABQBDABQAU__crt_locale_pointers@@ABQAD@Z 10019800 f i libucrtd:output.obj
 0001:00018880       ??$?0ABV?$stream_output_adapter@D@__crt_stdio_output@@AB_KABQBDABQAU__crt_locale_pointers@@ABQAD@?$standard_base@DV?$stream_output_adapter@D@__crt_stdio_output@@@__crt_stdio_output@@IAE@ABV?$stream_output_adapter@D@1@AB_KABQBDABQAU__crt_locale_pointers@@ABQAD@Z 10019880 f i libucrtd:output.obj
 0001:000188d0       ??$?0ABV?$stream_output_adapter@_W@__crt_stdio_output@@AB_KABQB_WABQAU__crt_locale_pointers@@ABQAD@?$format_validation_base@_WV?$stream_output_adapter@_W@__crt_stdio_output@@@__crt_stdio_output@@IAE@ABV?$stream_output_adapter@_W@1@AB_KABQB_WABQAU__crt_locale_pointers@@ABQAD@Z 100198d0 f i libucrtd:output.obj
 0001:00018900       ??$?0ABV?$stream_output_adapter@_W@__crt_stdio_output@@AB_KABQB_WABQAU__crt_locale_pointers@@ABQAD@?$positional_parameter_base@_WV?$stream_output_adapter@_W@__crt_stdio_output@@@__crt_stdio_output@@IAE@ABV?$stream_output_adapter@_W@1@AB_KABQB_WABQAU__crt_locale_pointers@@ABQAD@Z 10019900 f i libucrtd:output.obj
 0001:00018980       ??$?0ABV?$stream_output_adapter@_W@__crt_stdio_output@@AB_KABQB_WABQAU__crt_locale_pointers@@ABQAD@?$standard_base@_WV?$stream_output_adapter@_W@__crt_stdio_output@@@__crt_stdio_output@@IAE@ABV?$stream_output_adapter@_W@1@AB_KABQB_WABQAU__crt_locale_pointers@@ABQAD@Z 10019980 f i libucrtd:output.obj
 0001:000189d0       ??$?0ABV?$string_output_adapter@D@__crt_stdio_output@@AB_KABQBDABQAU__crt_locale_pointers@@ABQAD@?$format_validation_base@DV?$string_output_adapter@D@__crt_stdio_output@@@__crt_stdio_output@@IAE@ABV?$string_output_adapter@D@1@AB_KABQBDABQAU__crt_locale_pointers@@ABQAD@Z 100199d0 f i libucrtd:output.obj
 0001:00018a00       ??$?0ABV?$string_output_adapter@D@__crt_stdio_output@@AB_KABQBDABQAU__crt_locale_pointers@@ABQAD@?$positional_parameter_base@DV?$string_output_adapter@D@__crt_stdio_output@@@__crt_stdio_output@@IAE@ABV?$string_output_adapter@D@1@AB_KABQBDABQAU__crt_locale_pointers@@ABQAD@Z 10019a00 f i libucrtd:output.obj
 0001:00018a80       ??$?0ABV?$string_output_adapter@D@__crt_stdio_output@@AB_KABQBDABQAU__crt_locale_pointers@@ABQAD@?$standard_base@DV?$string_output_adapter@D@__crt_stdio_output@@@__crt_stdio_output@@IAE@ABV?$string_output_adapter@D@1@AB_KABQBDABQAU__crt_locale_pointers@@ABQAD@Z 10019a80 f i libucrtd:output.obj
 0001:00018ad0       ??$?0ABV?$string_output_adapter@_W@__crt_stdio_output@@AB_KABQB_WABQAU__crt_locale_pointers@@ABQAD@?$format_validation_base@_WV?$string_output_adapter@_W@__crt_stdio_output@@@__crt_stdio_output@@IAE@ABV?$string_output_adapter@_W@1@AB_KABQB_WABQAU__crt_locale_pointers@@ABQAD@Z 10019ad0 f i libucrtd:output.obj
 0001:00018b00       ??$?0ABV?$string_output_adapter@_W@__crt_stdio_output@@AB_KABQB_WABQAU__crt_locale_pointers@@ABQAD@?$positional_parameter_base@_WV?$string_output_adapter@_W@__crt_stdio_output@@@__crt_stdio_output@@IAE@ABV?$string_output_adapter@_W@1@AB_KABQB_WABQAU__crt_locale_pointers@@ABQAD@Z 10019b00 f i libucrtd:output.obj
 0001:00018b80       ??$?0ABV?$string_output_adapter@_W@__crt_stdio_output@@AB_KABQB_WABQAU__crt_locale_pointers@@ABQAD@?$standard_base@_WV?$string_output_adapter@_W@__crt_stdio_output@@@__crt_stdio_output@@IAE@ABV?$string_output_adapter@_W@1@AB_KABQB_WABQAU__crt_locale_pointers@@ABQAD@Z 10019b80 f i libucrtd:output.obj
 0001:00018bd0       ??$?RV<lambda_2293f24e3ce1ad6fe22ccfb9dec07671>@@AAV<lambda_2565fc715a641e539f44ad02d6823606>@@V<lambda_d3217f279b832965d9ca670dc2993570>@@@?$__crt_seh_guarded_call@H@@QAEH$$QAV<lambda_2293f24e3ce1ad6fe22ccfb9dec07671>@@AAV<lambda_2565fc715a641e539f44ad02d6823606>@@$$QAV<lambda_d3217f279b832965d9ca670dc2993570>@@@Z 10019bd0 f i libucrtd:output.obj
 0001:00018c60       ??$?RV<lambda_4d4ac866be0fa3c441830420fabdd2cb>@@AAV<lambda_63a10c2dc8dbb9e4dd1890be52af7c93>@@V<lambda_002af9fa0f8fe472b648c51882d4fc32>@@@?$__crt_seh_guarded_call@H@@QAEH$$QAV<lambda_4d4ac866be0fa3c441830420fabdd2cb>@@AAV<lambda_63a10c2dc8dbb9e4dd1890be52af7c93>@@$$QAV<lambda_002af9fa0f8fe472b648c51882d4fc32>@@@Z 10019c60 f i libucrtd:output.obj
 0001:00018cf0       ??$?RV<lambda_5be909dfbae0a631386585770cd7b676>@@AAV<lambda_e516058a9c289d98c8ca9fea99247804>@@V<lambda_afe2e0cdc5e0ecf6f0d6f5e2f8985e38>@@@?$__crt_seh_guarded_call@H@@QAEH$$QAV<lambda_5be909dfbae0a631386585770cd7b676>@@AAV<lambda_e516058a9c289d98c8ca9fea99247804>@@$$QAV<lambda_afe2e0cdc5e0ecf6f0d6f5e2f8985e38>@@@Z 10019cf0 f i libucrtd:output.obj
 0001:00018d80       ??$?RV<lambda_823d65812123d985753d53e2a8c25d20>@@AAV<lambda_0a97c9e57da7be065955385c79108ff2>@@V<lambda_4d2973f3ad2d226f00468307185dca1b>@@@?$__crt_seh_guarded_call@H@@QAEH$$QAV<lambda_823d65812123d985753d53e2a8c25d20>@@AAV<lambda_0a97c9e57da7be065955385c79108ff2>@@$$QAV<lambda_4d2973f3ad2d226f00468307185dca1b>@@@Z 10019d80 f i libucrtd:output.obj
 0001:00018e10       ??$?RV<lambda_ab9923ffb5d694ec0d78876dd103e44f>@@AAV<lambda_481dd5778c961fbcd3b60b650e9b9dc4>@@V<lambda_7923d86c9e3f319b415918ec4b39749c>@@@?$__crt_seh_guarded_call@H@@QAEH$$QAV<lambda_ab9923ffb5d694ec0d78876dd103e44f>@@AAV<lambda_481dd5778c961fbcd3b60b650e9b9dc4>@@$$QAV<lambda_7923d86c9e3f319b415918ec4b39749c>@@@Z 10019e10 f i libucrtd:output.obj
 0001:00018ea0       ??$?RV<lambda_db08b09ef7aa9d4f8620ce68402612bc>@@AAV<lambda_4f2c1eaeead2a5fc776db5b62ea0fb9b>@@V<lambda_3ae262bc35d4ba6a3825c4f6bcaaf95c>@@@?$__crt_seh_guarded_call@H@@QAEH$$QAV<lambda_db08b09ef7aa9d4f8620ce68402612bc>@@AAV<lambda_4f2c1eaeead2a5fc776db5b62ea0fb9b>@@$$QAV<lambda_3ae262bc35d4ba6a3825c4f6bcaaf95c>@@@Z 10019ea0 f i libucrtd:output.obj
 0001:00018f30       ??$__acrt_lock_stream_and_call@V<lambda_0a97c9e57da7be065955385c79108ff2>@@@@YAHQAU_iobuf@@$$QAV<lambda_0a97c9e57da7be065955385c79108ff2>@@@Z 10019f30 f i libucrtd:output.obj
 0001:00018f70       ??$__acrt_lock_stream_and_call@V<lambda_2565fc715a641e539f44ad02d6823606>@@@@YAHQAU_iobuf@@$$QAV<lambda_2565fc715a641e539f44ad02d6823606>@@@Z 10019f70 f i libucrtd:output.obj
 0001:00018fb0       ??$__acrt_lock_stream_and_call@V<lambda_481dd5778c961fbcd3b60b650e9b9dc4>@@@@YAHQAU_iobuf@@$$QAV<lambda_481dd5778c961fbcd3b60b650e9b9dc4>@@@Z 10019fb0 f i libucrtd:output.obj
 0001:00018ff0       ??$__acrt_lock_stream_and_call@V<lambda_4f2c1eaeead2a5fc776db5b62ea0fb9b>@@@@YAHQAU_iobuf@@$$QAV<lambda_4f2c1eaeead2a5fc776db5b62ea0fb9b>@@@Z 10019ff0 f i libucrtd:output.obj
 0001:00019030       ??$__acrt_lock_stream_and_call@V<lambda_63a10c2dc8dbb9e4dd1890be52af7c93>@@@@YAHQAU_iobuf@@$$QAV<lambda_63a10c2dc8dbb9e4dd1890be52af7c93>@@@Z 1001a030 f i libucrtd:output.obj
 0001:00019070       ??$__acrt_lock_stream_and_call@V<lambda_e516058a9c289d98c8ca9fea99247804>@@@@YAHQAU_iobuf@@$$QAV<lambda_e516058a9c289d98c8ca9fea99247804>@@@Z 1001a070 f i libucrtd:output.obj
 0001:0001be30       ??$count@D@formatting_buffer@__crt_stdio_output@@QBEIXZ 1001ce30 f i libucrtd:output.obj
 0001:0001be70       ??$data@D@formatting_buffer@__crt_stdio_output@@QAEPADXZ 1001ce70 f i libucrtd:output.obj
 0001:0001beb0       ??$data@_W@formatting_buffer@__crt_stdio_output@@QAEPA_WXZ 1001ceb0 f i libucrtd:output.obj
 0001:0001bef0       ??$ensure_buffer_is_big_enough@D@formatting_buffer@__crt_stdio_output@@QAE_NI@Z 1001cef0 f i libucrtd:output.obj
 0001:0001bfd0       ??$extract_argument_from_va_list@C_J@?$positional_parameter_base@DV?$stream_output_adapter@D@__crt_stdio_output@@@__crt_stdio_output@@IAE_NAA_J@Z 1001cfd0 f i libucrtd:output.obj
 0001:0001c110       ??$extract_argument_from_va_list@C_J@?$positional_parameter_base@DV?$string_output_adapter@D@__crt_stdio_output@@@__crt_stdio_output@@IAE_NAA_J@Z 1001d110 f i libucrtd:output.obj
 0001:0001c250       ??$extract_argument_from_va_list@C_J@?$positional_parameter_base@_WV?$stream_output_adapter@_W@__crt_stdio_output@@@__crt_stdio_output@@IAE_NAA_J@Z 1001d250 f i libucrtd:output.obj
 0001:0001c390       ??$extract_argument_from_va_list@C_J@?$positional_parameter_base@_WV?$string_output_adapter@_W@__crt_stdio_output@@@__crt_stdio_output@@IAE_NAA_J@Z 1001d390 f i libucrtd:output.obj
 0001:0001c4d0       ??$extract_argument_from_va_list@C_J@?$standard_base@DV?$stream_output_adapter@D@__crt_stdio_output@@@__crt_stdio_output@@IAE_NAA_J@Z 1001d4d0 f i libucrtd:output.obj
 0001:0001c500       ??$extract_argument_from_va_list@C_J@?$standard_base@DV?$string_output_adapter@D@__crt_stdio_output@@@__crt_stdio_output@@IAE_NAA_J@Z 1001d500 f i libucrtd:output.obj
 0001:0001c530       ??$extract_argument_from_va_list@C_J@?$standard_base@_WV?$stream_output_adapter@_W@__crt_stdio_output@@@__crt_stdio_output@@IAE_NAA_J@Z 1001d530 f i libucrtd:output.obj
 0001:0001c560       ??$extract_argument_from_va_list@C_J@?$standard_base@_WV?$string_output_adapter@_W@__crt_stdio_output@@@__crt_stdio_output@@IAE_NAA_J@Z 1001d560 f i libucrtd:output.obj
 0001:0001c590       ??$extract_argument_from_va_list@E_J@?$positional_parameter_base@DV?$stream_output_adapter@D@__crt_stdio_output@@@__crt_stdio_output@@IAE_NAA_J@Z 1001d590 f i libucrtd:output.obj
 0001:0001c6d0       ??$extract_argument_from_va_list@E_J@?$positional_parameter_base@DV?$string_output_adapter@D@__crt_stdio_output@@@__crt_stdio_output@@IAE_NAA_J@Z 1001d6d0 f i libucrtd:output.obj
 0001:0001c810       ??$extract_argument_from_va_list@E_J@?$positional_parameter_base@_WV?$stream_output_adapter@_W@__crt_stdio_output@@@__crt_stdio_output@@IAE_NAA_J@Z 1001d810 f i libucrtd:output.obj
 0001:0001c950       ??$extract_argument_from_va_list@E_J@?$positional_parameter_base@_WV?$string_output_adapter@_W@__crt_stdio_output@@@__crt_stdio_output@@IAE_NAA_J@Z 1001d950 f i libucrtd:output.obj
 0001:0001ca90       ??$extract_argument_from_va_list@E_J@?$standard_base@DV?$stream_output_adapter@D@__crt_stdio_output@@@__crt_stdio_output@@IAE_NAA_J@Z 1001da90 f i libucrtd:output.obj
 0001:0001cac0       ??$extract_argument_from_va_list@E_J@?$standard_base@DV?$string_output_adapter@D@__crt_stdio_output@@@__crt_stdio_output@@IAE_NAA_J@Z 1001dac0 f i libucrtd:output.obj
 0001:0001caf0       ??$extract_argument_from_va_list@E_J@?$standard_base@_WV?$stream_output_adapter@_W@__crt_stdio_output@@@__crt_stdio_output@@IAE_NAA_J@Z 1001daf0 f i libucrtd:output.obj
 0001:0001cb20       ??$extract_argument_from_va_list@E_J@?$standard_base@_WV?$string_output_adapter@_W@__crt_stdio_output@@@__crt_stdio_output@@IAE_NAA_J@Z 1001db20 f i libucrtd:output.obj
 0001:0001cb50       ??$extract_argument_from_va_list@F_J@?$positional_parameter_base@DV?$stream_output_adapter@D@__crt_stdio_output@@@__crt_stdio_output@@IAE_NAA_J@Z 1001db50 f i libucrtd:output.obj
 0001:0001cc80       ??$extract_argument_from_va_list@F_J@?$positional_parameter_base@DV?$string_output_adapter@D@__crt_stdio_output@@@__crt_stdio_output@@IAE_NAA_J@Z 1001dc80 f i libucrtd:output.obj
 0001:0001cdb0       ??$extract_argument_from_va_list@F_J@?$positional_parameter_base@_WV?$stream_output_adapter@_W@__crt_stdio_output@@@__crt_stdio_output@@IAE_NAA_J@Z 1001ddb0 f i libucrtd:output.obj
 0001:0001cee0       ??$extract_argument_from_va_list@F_J@?$positional_parameter_base@_WV?$string_output_adapter@_W@__crt_stdio_output@@@__crt_stdio_output@@IAE_NAA_J@Z 1001dee0 f i libucrtd:output.obj
 0001:0001d010       ??$extract_argument_from_va_list@F_J@?$standard_base@DV?$stream_output_adapter@D@__crt_stdio_output@@@__crt_stdio_output@@IAE_NAA_J@Z 1001e010 f i libucrtd:output.obj
 0001:0001d040       ??$extract_argument_from_va_list@F_J@?$standard_base@DV?$string_output_adapter@D@__crt_stdio_output@@@__crt_stdio_output@@IAE_NAA_J@Z 1001e040 f i libucrtd:output.obj
 0001:0001d070       ??$extract_argument_from_va_list@F_J@?$standard_base@_WV?$stream_output_adapter@_W@__crt_stdio_output@@@__crt_stdio_output@@IAE_NAA_J@Z 1001e070 f i libucrtd:output.obj
 0001:0001d0a0       ??$extract_argument_from_va_list@F_J@?$standard_base@_WV?$string_output_adapter@_W@__crt_stdio_output@@@__crt_stdio_output@@IAE_NAA_J@Z 1001e0a0 f i libucrtd:output.obj
 0001:0001d0d0       ??$extract_argument_from_va_list@GD@?$positional_parameter_base@DV?$stream_output_adapter@D@__crt_stdio_output@@@__crt_stdio_output@@IAE_NAAD@Z 1001e0d0 f i libucrtd:output.obj
 0001:0001d200       ??$extract_argument_from_va_list@GD@?$positional_parameter_base@DV?$string_output_adapter@D@__crt_stdio_output@@@__crt_stdio_output@@IAE_NAAD@Z 1001e200 f i libucrtd:output.obj
 0001:0001d330       ??$extract_argument_from_va_list@GD@?$standard_base@DV?$stream_output_adapter@D@__crt_stdio_output@@@__crt_stdio_output@@IAE_NAAD@Z 1001e330 f i libucrtd:output.obj
 0001:0001d360       ??$extract_argument_from_va_list@GD@?$standard_base@DV?$string_output_adapter@D@__crt_stdio_output@@@__crt_stdio_output@@IAE_NAAD@Z 1001e360 f i libucrtd:output.obj
 0001:0001d390       ??$extract_argument_from_va_list@G_J@?$positional_parameter_base@DV?$stream_output_adapter@D@__crt_stdio_output@@@__crt_stdio_output@@IAE_NAA_J@Z 1001e390 f i libucrtd:output.obj
 0001:0001d4d0       ??$extract_argument_from_va_list@G_J@?$positional_parameter_base@DV?$string_output_adapter@D@__crt_stdio_output@@@__crt_stdio_output@@IAE_NAA_J@Z 1001e4d0 f i libucrtd:output.obj
 0001:0001d610       ??$extract_argument_from_va_list@G_J@?$positional_parameter_base@_WV?$stream_output_adapter@_W@__crt_stdio_output@@@__crt_stdio_output@@IAE_NAA_J@Z 1001e610 f i libucrtd:output.obj
 0001:0001d750       ??$extract_argument_from_va_list@G_J@?$positional_parameter_base@_WV?$string_output_adapter@_W@__crt_stdio_output@@@__crt_stdio_output@@IAE_NAA_J@Z 1001e750 f i libucrtd:output.obj
 0001:0001d890       ??$extract_argument_from_va_list@G_J@?$standard_base@DV?$stream_output_adapter@D@__crt_stdio_output@@@__crt_stdio_output@@IAE_NAA_J@Z 1001e890 f i libucrtd:output.obj
 0001:0001d8c0       ??$extract_argument_from_va_list@G_J@?$standard_base@DV?$string_output_adapter@D@__crt_stdio_output@@@__crt_stdio_output@@IAE_NAA_J@Z 1001e8c0 f i libucrtd:output.obj
 0001:0001d8f0       ??$extract_argument_from_va_list@G_J@?$standard_base@_WV?$stream_output_adapter@_W@__crt_stdio_output@@@__crt_stdio_output@@IAE_NAA_J@Z 1001e8f0 f i libucrtd:output.obj
 0001:0001d920       ??$extract_argument_from_va_list@G_J@?$standard_base@_WV?$string_output_adapter@_W@__crt_stdio_output@@@__crt_stdio_output@@IAE_NAA_J@Z 1001e920 f i libucrtd:output.obj
 0001:0001d950       ??$extract_argument_from_va_list@H_J@?$positional_parameter_base@DV?$stream_output_adapter@D@__crt_stdio_output@@@__crt_stdio_output@@IAE_NAA_J@Z 1001e950 f i libucrtd:output.obj
 0001:0001da80       ??$extract_argument_from_va_list@H_J@?$positional_parameter_base@DV?$string_output_adapter@D@__crt_stdio_output@@@__crt_stdio_output@@IAE_NAA_J@Z 1001ea80 f i libucrtd:output.obj
 0001:0001dbb0       ??$extract_argument_from_va_list@H_J@?$positional_parameter_base@_WV?$stream_output_adapter@_W@__crt_stdio_output@@@__crt_stdio_output@@IAE_NAA_J@Z 1001ebb0 f i libucrtd:output.obj
 0001:0001dce0       ??$extract_argument_from_va_list@H_J@?$positional_parameter_base@_WV?$string_output_adapter@_W@__crt_stdio_output@@@__crt_stdio_output@@IAE_NAA_J@Z 1001ece0 f i libucrtd:output.obj
 0001:0001de10       ??$extract_argument_from_va_list@H_J@?$standard_base@DV?$stream_output_adapter@D@__crt_stdio_output@@@__crt_stdio_output@@IAE_NAA_J@Z 1001ee10 f i libucrtd:output.obj
 0001:0001de40       ??$extract_argument_from_va_list@H_J@?$standard_base@DV?$string_output_adapter@D@__crt_stdio_output@@@__crt_stdio_output@@IAE_NAA_J@Z 1001ee40 f i libucrtd:output.obj
 0001:0001de70       ??$extract_argument_from_va_list@H_J@?$standard_base@_WV?$stream_output_adapter@_W@__crt_stdio_output@@@__crt_stdio_output@@IAE_NAA_J@Z 1001ee70 f i libucrtd:output.obj
 0001:0001dea0       ??$extract_argument_from_va_list@H_J@?$standard_base@_WV?$string_output_adapter@_W@__crt_stdio_output@@@__crt_stdio_output@@IAE_NAA_J@Z 1001eea0 f i libucrtd:output.obj
 0001:0001ded0       ??$extract_argument_from_va_list@I_J@?$positional_parameter_base@DV?$stream_output_adapter@D@__crt_stdio_output@@@__crt_stdio_output@@IAE_NAA_J@Z 1001eed0 f i libucrtd:output.obj
 0001:0001e000       ??$extract_argument_from_va_list@I_J@?$positional_parameter_base@DV?$string_output_adapter@D@__crt_stdio_output@@@__crt_stdio_output@@IAE_NAA_J@Z 1001f000 f i libucrtd:output.obj
 0001:0001e130       ??$extract_argument_from_va_list@I_J@?$positional_parameter_base@_WV?$stream_output_adapter@_W@__crt_stdio_output@@@__crt_stdio_output@@IAE_NAA_J@Z 1001f130 f i libucrtd:output.obj
 0001:0001e260       ??$extract_argument_from_va_list@I_J@?$positional_parameter_base@_WV?$string_output_adapter@_W@__crt_stdio_output@@@__crt_stdio_output@@IAE_NAA_J@Z 1001f260 f i libucrtd:output.obj
 0001:0001e390       ??$extract_argument_from_va_list@I_J@?$standard_base@DV?$stream_output_adapter@D@__crt_stdio_output@@@__crt_stdio_output@@IAE_NAA_J@Z 1001f390 f i libucrtd:output.obj
 0001:0001e3c0       ??$extract_argument_from_va_list@I_J@?$standard_base@DV?$string_output_adapter@D@__crt_stdio_output@@@__crt_stdio_output@@IAE_NAA_J@Z 1001f3c0 f i libucrtd:output.obj
 0001:0001e3f0       ??$extract_argument_from_va_list@I_J@?$standard_base@_WV?$stream_output_adapter@_W@__crt_stdio_output@@@__crt_stdio_output@@IAE_NAA_J@Z 1001f3f0 f i libucrtd:output.obj
 0001:0001e420       ??$extract_argument_from_va_list@I_J@?$standard_base@_WV?$string_output_adapter@_W@__crt_stdio_output@@@__crt_stdio_output@@IAE_NAA_J@Z 1001f420 f i libucrtd:output.obj
 0001:0001e450       ??$extract_argument_from_va_list@PADPAD@?$positional_parameter_base@DV?$stream_output_adapter@D@__crt_stdio_output@@@__crt_stdio_output@@IAE_NAAPAD@Z 1001f450 f i libucrtd:output.obj
 0001:0001e580       ??$extract_argument_from_va_list@PADPAD@?$positional_parameter_base@DV?$string_output_adapter@D@__crt_stdio_output@@@__crt_stdio_output@@IAE_NAAPAD@Z 1001f580 f i libucrtd:output.obj
 0001:0001e6b0       ??$extract_argument_from_va_list@PADPAD@?$positional_parameter_base@_WV?$stream_output_adapter@_W@__crt_stdio_output@@@__crt_stdio_output@@IAE_NAAPAD@Z 1001f6b0 f i libucrtd:output.obj
 0001:0001e7e0       ??$extract_argument_from_va_list@PADPAD@?$positional_parameter_base@_WV?$string_output_adapter@_W@__crt_stdio_output@@@__crt_stdio_output@@IAE_NAAPAD@Z 1001f7e0 f i libucrtd:output.obj
 0001:0001e910       ??$extract_argument_from_va_list@PADPAD@?$standard_base@DV?$stream_output_adapter@D@__crt_stdio_output@@@__crt_stdio_output@@IAE_NAAPAD@Z 1001f910 f i libucrtd:output.obj
 0001:0001e940       ??$extract_argument_from_va_list@PADPAD@?$standard_base@DV?$string_output_adapter@D@__crt_stdio_output@@@__crt_stdio_output@@IAE_NAAPAD@Z 1001f940 f i libucrtd:output.obj
 0001:0001e970       ??$extract_argument_from_va_list@PADPAD@?$standard_base@_WV?$stream_output_adapter@_W@__crt_stdio_output@@@__crt_stdio_output@@IAE_NAAPAD@Z 1001f970 f i libucrtd:output.obj
 0001:0001e9a0       ??$extract_argument_from_va_list@PADPAD@?$standard_base@_WV?$string_output_adapter@_W@__crt_stdio_output@@@__crt_stdio_output@@IAE_NAAPAD@Z 1001f9a0 f i libucrtd:output.obj
 0001:0001e9d0       ??$extract_argument_from_va_list@PAUansi_string@?1??type_case_Z@?$output_processor@DV?$stream_output_adapter@D@__crt_stdio_output@@V?$format_validation_base@DV?$stream_output_adapter@D@__crt_stdio_output@@@2@@__crt_stdio_output@@AAE_NXZ@PAU1?1??234@AAE_NXZ@@?$standard_base@DV?$stream_output_adapter@D@__crt_stdio_output@@@__crt_stdio_output@@IAE_NAAPAUansi_string@?1??type_case_Z@?$output_processor@DV?$stream_output_adapter@D@__crt_stdio_output@@V?$format_validation_base@DV?$stream_output_adapter@D@__crt_stdio_output@@@2@@1@AAE_NXZ@@Z 1001f9d0 f i libucrtd:output.obj
 0001:0001ea00       ??$extract_argument_from_va_list@PAUansi_string@?1??type_case_Z@?$output_processor@DV?$stream_output_adapter@D@__crt_stdio_output@@V?$positional_parameter_base@DV?$stream_output_adapter@D@__crt_stdio_output@@@2@@__crt_stdio_output@@AAE_NXZ@PAU1?1??234@AAE_NXZ@@?$positional_parameter_base@DV?$stream_output_adapter@D@__crt_stdio_output@@@__crt_stdio_output@@IAE_NAAPAUansi_string@?1??type_case_Z@?$output_processor@DV?$stream_output_adapter@D@__crt_stdio_output@@V?$positional_parameter_base@DV?$stream_output_adapter@D@__crt_stdio_output@@@2@@1@AAE_NXZ@@Z 1001fa00 f i libucrtd:output.obj
 0001:0001eb30       ??$extract_argument_from_va_list@PAUansi_string@?1??type_case_Z@?$output_processor@DV?$stream_output_adapter@D@__crt_stdio_output@@V?$positional_parameter_base@DV?$stream_output_adapter@D@__crt_stdio_output@@@2@@__crt_stdio_output@@AAE_NXZ@PAU1?1??234@AAE_NXZ@@?$standard_base@DV?$stream_output_adapter@D@__crt_stdio_output@@@__crt_stdio_output@@IAE_NAAPAUansi_string@?1??type_case_Z@?$output_processor@DV?$stream_output_adapter@D@__crt_stdio_output@@V?$positional_parameter_base@DV?$stream_output_adapter@D@__crt_stdio_output@@@2@@1@AAE_NXZ@@Z 1001fb30 f i libucrtd:output.obj
 0001:0001eb60       ??$extract_argument_from_va_list@PAUansi_string@?1??type_case_Z@?$output_processor@DV?$stream_output_adapter@D@__crt_stdio_output@@V?$standard_base@DV?$stream_output_adapter@D@__crt_stdio_output@@@2@@__crt_stdio_output@@AAE_NXZ@PAU1?1??234@AAE_NXZ@@?$standard_base@DV?$stream_output_adapter@D@__crt_stdio_output@@@__crt_stdio_output@@IAE_NAAPAUansi_string@?1??type_case_Z@?$output_processor@DV?$stream_output_adapter@D@__crt_stdio_output@@V?$standard_base@DV?$stream_output_adapter@D@__crt_stdio_output@@@2@@1@AAE_NXZ@@Z 1001fb60 f i libucrtd:output.obj
 0001:0001eb90       ??$extract_argument_from_va_list@PAUansi_string@?1??type_case_Z@?$output_processor@DV?$string_output_adapter@D@__crt_stdio_output@@V?$format_validation_base@DV?$string_output_adapter@D@__crt_stdio_output@@@2@@__crt_stdio_output@@AAE_NXZ@PAU1?1??234@AAE_NXZ@@?$standard_base@DV?$string_output_adapter@D@__crt_stdio_output@@@__crt_stdio_output@@IAE_NAAPAUansi_string@?1??type_case_Z@?$output_processor@DV?$string_output_adapter@D@__crt_stdio_output@@V?$format_validation_base@DV?$string_output_adapter@D@__crt_stdio_output@@@2@@1@AAE_NXZ@@Z 1001fb90 f i libucrtd:output.obj
 0001:0001ebc0       ??$extract_argument_from_va_list@PAUansi_string@?1??type_case_Z@?$output_processor@DV?$string_output_adapter@D@__crt_stdio_output@@V?$positional_parameter_base@DV?$string_output_adapter@D@__crt_stdio_output@@@2@@__crt_stdio_output@@AAE_NXZ@PAU1?1??234@AAE_NXZ@@?$positional_parameter_base@DV?$string_output_adapter@D@__crt_stdio_output@@@__crt_stdio_output@@IAE_NAAPAUansi_string@?1??type_case_Z@?$output_processor@DV?$string_output_adapter@D@__crt_stdio_output@@V?$positional_parameter_base@DV?$string_output_adapter@D@__crt_stdio_output@@@2@@1@AAE_NXZ@@Z 1001fbc0 f i libucrtd:output.obj
 0001:0001ecf0       ??$extract_argument_from_va_list@PAUansi_string@?1??type_case_Z@?$output_processor@DV?$string_output_adapter@D@__crt_stdio_output@@V?$positional_parameter_base@DV?$string_output_adapter@D@__crt_stdio_output@@@2@@__crt_stdio_output@@AAE_NXZ@PAU1?1??234@AAE_NXZ@@?$standard_base@DV?$string_output_adapter@D@__crt_stdio_output@@@__crt_stdio_output@@IAE_NAAPAUansi_string@?1??type_case_Z@?$output_processor@DV?$string_output_adapter@D@__crt_stdio_output@@V?$positional_parameter_base@DV?$string_output_adapter@D@__crt_stdio_output@@@2@@1@AAE_NXZ@@Z 1001fcf0 f i libucrtd:output.obj
 0001:0001ed20       ??$extract_argument_from_va_list@PAUansi_string@?1??type_case_Z@?$output_processor@DV?$string_output_adapter@D@__crt_stdio_output@@V?$standard_base@DV?$string_output_adapter@D@__crt_stdio_output@@@2@@__crt_stdio_output@@AAE_NXZ@PAU1?1??234@AAE_NXZ@@?$standard_base@DV?$string_output_adapter@D@__crt_stdio_output@@@__crt_stdio_output@@IAE_NAAPAUansi_string@?1??type_case_Z@?$output_processor@DV?$string_output_adapter@D@__crt_stdio_output@@V?$standard_base@DV?$string_output_adapter@D@__crt_stdio_output@@@2@@1@AAE_NXZ@@Z 1001fd20 f i libucrtd:output.obj
 0001:0001ed50       ??$extract_argument_from_va_list@PAUansi_string@?1??type_case_Z@?$output_processor@_WV?$stream_output_adapter@_W@__crt_stdio_output@@V?$format_validation_base@_WV?$stream_output_adapter@_W@__crt_stdio_output@@@2@@__crt_stdio_output@@AAE_NXZ@PAU1?1??234@AAE_NXZ@@?$standard_base@_WV?$stream_output_adapter@_W@__crt_stdio_output@@@__crt_stdio_output@@IAE_NAAPAUansi_string@?1??type_case_Z@?$output_processor@_WV?$stream_output_adapter@_W@__crt_stdio_output@@V?$format_validation_base@_WV?$stream_output_adapter@_W@__crt_stdio_output@@@2@@1@AAE_NXZ@@Z 1001fd50 f i libucrtd:output.obj
 0001:0001ed80       ??$extract_argument_from_va_list@PAUansi_string@?1??type_case_Z@?$output_processor@_WV?$stream_output_adapter@_W@__crt_stdio_output@@V?$positional_parameter_base@_WV?$stream_output_adapter@_W@__crt_stdio_output@@@2@@__crt_stdio_output@@AAE_NXZ@PAU1?1??234@AAE_NXZ@@?$positional_parameter_base@_WV?$stream_output_adapter@_W@__crt_stdio_output@@@__crt_stdio_output@@IAE_NAAPAUansi_string@?1??type_case_Z@?$output_processor@_WV?$stream_output_adapter@_W@__crt_stdio_output@@V?$positional_parameter_base@_WV?$stream_output_adapter@_W@__crt_stdio_output@@@2@@1@AAE_NXZ@@Z 1001fd80 f i libucrtd:output.obj
 0001:0001eeb0       ??$extract_argument_from_va_list@PAUansi_string@?1??type_case_Z@?$output_processor@_WV?$stream_output_adapter@_W@__crt_stdio_output@@V?$positional_parameter_base@_WV?$stream_output_adapter@_W@__crt_stdio_output@@@2@@__crt_stdio_output@@AAE_NXZ@PAU1?1??234@AAE_NXZ@@?$standard_base@_WV?$stream_output_adapter@_W@__crt_stdio_output@@@__crt_stdio_output@@IAE_NAAPAUansi_string@?1??type_case_Z@?$output_processor@_WV?$stream_output_adapter@_W@__crt_stdio_output@@V?$positional_parameter_base@_WV?$stream_output_adapter@_W@__crt_stdio_output@@@2@@1@AAE_NXZ@@Z 1001feb0 f i libucrtd:output.obj
 0001:0001eee0       ??$extract_argument_from_va_list@PAUansi_string@?1??type_case_Z@?$output_processor@_WV?$stream_output_adapter@_W@__crt_stdio_output@@V?$standard_base@_WV?$stream_output_adapter@_W@__crt_stdio_output@@@2@@__crt_stdio_output@@AAE_NXZ@PAU1?1??234@AAE_NXZ@@?$standard_base@_WV?$stream_output_adapter@_W@__crt_stdio_output@@@__crt_stdio_output@@IAE_NAAPAUansi_string@?1??type_case_Z@?$output_processor@_WV?$stream_output_adapter@_W@__crt_stdio_output@@V?$standard_base@_WV?$stream_output_adapter@_W@__crt_stdio_output@@@2@@1@AAE_NXZ@@Z 1001fee0 f i libucrtd:output.obj
 0001:0001ef10       ??$extract_argument_from_va_list@PAUansi_string@?1??type_case_Z@?$output_processor@_WV?$string_output_adapter@_W@__crt_stdio_output@@V?$format_validation_base@_WV?$string_output_adapter@_W@__crt_stdio_output@@@2@@__crt_stdio_output@@AAE_NXZ@PAU1?1??234@AAE_NXZ@@?$standard_base@_WV?$string_output_adapter@_W@__crt_stdio_output@@@__crt_stdio_output@@IAE_NAAPAUansi_string@?1??type_case_Z@?$output_processor@_WV?$string_output_adapter@_W@__crt_stdio_output@@V?$format_validation_base@_WV?$string_output_adapter@_W@__crt_stdio_output@@@2@@1@AAE_NXZ@@Z 1001ff10 f i libucrtd:output.obj
 0001:0001ef40       ??$extract_argument_from_va_list@PAUansi_string@?1??type_case_Z@?$output_processor@_WV?$string_output_adapter@_W@__crt_stdio_output@@V?$positional_parameter_base@_WV?$string_output_adapter@_W@__crt_stdio_output@@@2@@__crt_stdio_output@@AAE_NXZ@PAU1?1??234@AAE_NXZ@@?$positional_parameter_base@_WV?$string_output_adapter@_W@__crt_stdio_output@@@__crt_stdio_output@@IAE_NAAPAUansi_string@?1??type_case_Z@?$output_processor@_WV?$string_output_adapter@_W@__crt_stdio_output@@V?$positional_parameter_base@_WV?$string_output_adapter@_W@__crt_stdio_output@@@2@@1@AAE_NXZ@@Z 1001ff40 f i libucrtd:output.obj
 0001:0001f070       ??$extract_argument_from_va_list@PAUansi_string@?1??type_case_Z@?$output_processor@_WV?$string_output_adapter@_W@__crt_stdio_output@@V?$positional_parameter_base@_WV?$string_output_adapter@_W@__crt_stdio_output@@@2@@__crt_stdio_output@@AAE_NXZ@PAU1?1??234@AAE_NXZ@@?$standard_base@_WV?$string_output_adapter@_W@__crt_stdio_output@@@__crt_stdio_output@@IAE_NAAPAUansi_string@?1??type_case_Z@?$output_processor@_WV?$string_output_adapter@_W@__crt_stdio_output@@V?$positional_parameter_base@_WV?$string_output_adapter@_W@__crt_stdio_output@@@2@@1@AAE_NXZ@@Z 10020070 f i libucrtd:output.obj
 0001:0001f0a0       ??$extract_argument_from_va_list@PAUansi_string@?1??type_case_Z@?$output_processor@_WV?$string_output_adapter@_W@__crt_stdio_output@@V?$standard_base@_WV?$string_output_adapter@_W@__crt_stdio_output@@@2@@__crt_stdio_output@@AAE_NXZ@PAU1?1??234@AAE_NXZ@@?$standard_base@_WV?$string_output_adapter@_W@__crt_stdio_output@@@__crt_stdio_output@@IAE_NAAPAUansi_string@?1??type_case_Z@?$output_processor@_WV?$string_output_adapter@_W@__crt_stdio_output@@V?$standard_base@_WV?$string_output_adapter@_W@__crt_stdio_output@@@2@@1@AAE_NXZ@@Z 100200a0 f i libucrtd:output.obj
 0001:0001f0d0       ??$extract_argument_from_va_list@PAXPAX@?$positional_parameter_base@DV?$stream_output_adapter@D@__crt_stdio_output@@@__crt_stdio_output@@IAE_NAAPAX@Z 100200d0 f i libucrtd:output.obj
 0001:0001f200       ??$extract_argument_from_va_list@PAXPAX@?$positional_parameter_base@DV?$string_output_adapter@D@__crt_stdio_output@@@__crt_stdio_output@@IAE_NAAPAX@Z 10020200 f i libucrtd:output.obj
 0001:0001f330       ??$extract_argument_from_va_list@PAXPAX@?$positional_parameter_base@_WV?$stream_output_adapter@_W@__crt_stdio_output@@@__crt_stdio_output@@IAE_NAAPAX@Z 10020330 f i libucrtd:output.obj
[...]
 0002:0001e537       $N00053                    1009a537     modbus.exp
 0002:0001e548       $N00054                    1009a548     modbus.exp
 0002:0001e55a       $N00055                    1009a55a     modbus.exp
 0002:0001e56a       $N00056                    1009a56a     modbus.exp
 0002:0001e57c       $N00057                    1009a57c     modbus.exp
 0002:0001e58e       $N00058                    1009a58e     modbus.exp
 0002:0001e5a3       $N00059                    1009a5a3     modbus.exp
 0002:0001e5b8       $N00060                    1009a5b8     modbus.exp
 0002:0001e5d8       $N00061                    1009a5d8     modbus.exp
 0002:0001e5e9       $N00062                    1009a5e9     modbus.exp
 0002:0001e5fb       $N00063                    1009a5fb     modbus.exp
 0002:0001e611       $N00064                    1009a611     modbus.exp
 0002:0001e862       .idata$6                   1009a862     ws2_32:WS2_32.dll
 0002:0001e90a       .idata$6                   1009a90a     kernel32:KERNEL32.dll
 0003:00000000       $SG86840                   1009b000     modbus-data.obj
 0003:00000024       $SG86841                   1009b024     modbus-data.obj
 0003:0000003c       $SG90406                   1009b03c     modbus-rtu.obj
 0003:0000005c       $SG90407                   1009b05c     modbus-rtu.obj
 0003:00000080       $SG90501                   1009b080     modbus-rtu.obj
 0003:00000098       $SG90527                   1009b098     modbus-rtu.obj
 0003:000000d0       $SG90541                   1009b0d0     modbus-rtu.obj
 0003:000000f8       $SG90545                   1009b0f8     modbus-rtu.obj
 0003:0000012c       $SG90570                   1009b12c     modbus-rtu.obj
 0003:00000154       $SG90573                   1009b154     modbus-rtu.obj
 0003:00000184       $SG90576                   1009b184     modbus-rtu.obj
 0003:000001b8       $SG90597                   1009b1b8     modbus-rtu.obj
 0003:000001ec       $SG90610                   1009b1ec     modbus-rtu.obj
 0003:00000224       $SG90620                   1009b224     modbus-rtu.obj
 0003:00000254       $SG90629                   1009b254     modbus-rtu.obj
 0003:00000284       $SG90638                   1009b284     modbus-rtu.obj
 0003:000002b4       $SG90648                   1009b2b4     modbus-rtu.obj
 0003:000002e4       $SG90663                   1009b2e4     modbus-rtu.obj
 0003:00000314       $SG90672                   1009b314     modbus-rtu.obj
 0003:00000344       $SG90684                   1009b344     modbus-rtu.obj
 0003:00000374       $SG90693                   1009b374     modbus-rtu.obj
 0003:000003ac       $SG90695                   1009b3ac     modbus-rtu.obj
 0003:000003e0       $SG90753                   1009b3e0     modbus-rtu.obj
 0003:000003fc       $SG90755                   1009b3fc     modbus-rtu.obj
 0003:00000424       $SG90116                   1009b424     modbus-tcp.obj
 0003:00000448       $SG90154                   1009b448     modbus-tcp.obj
 0003:00000460       $SG90156                   1009b460     modbus-tcp.obj
 0003:00000484       $SG90188                   1009b484     modbus-tcp.obj
 0003:000004a0       $SG90190                   1009b4a0     modbus-tcp.obj
 0003:000004c4       $SG90194                   1009b4c4     modbus-tcp.obj
 0003:000004e4       $SG90196                   1009b4e4     modbus-tcp.obj
 0003:0000050c       $SG89754                   1009b50c     modbus-tcp.obj
 0003:00000534       $SG89844                   1009b534     modbus-tcp.obj
 0003:00000568       $SG89847                   1009b568     modbus-tcp.obj
 0003:00000598       $SG89915                   1009b598     modbus-tcp.obj
 0003:000005b0       $SG89939                   1009b5b0     modbus-tcp.obj
 0003:000005d4       $SG89943                   1009b5d4     modbus-tcp.obj
 0003:000005ec       $SG90040                   1009b5ec     modbus-tcp.obj
 0003:000005f0       $SG90043                   1009b5f0     modbus-tcp.obj
 0003:00000614       $SG90047                   1009b614     modbus-tcp.obj
 0003:0000061c       $SG90050                   1009b61c     modbus-tcp.obj
 0003:00000628       $SG90053                   1009b628     modbus-tcp.obj
 0003:00000630       $SG90056                   1009b630     modbus-tcp.obj
 0003:00000638       $SG90070                   1009b638     modbus-tcp.obj
 0003:00000664       $SG90083                   1009b664     modbus-tcp.obj
 0003:00000688       $SG91140                   1009b688     modbus.obj
 0003:000006b8       $SG91143                   1009b6b8     modbus.obj
 0003:000006e8       $SG90369                   1009b6e8     modbus.obj
 0003:000006fc       $SG90371                   1009b6fc     modbus.obj
 0003:00000714       $SG90373                   1009b714     modbus.obj
 0003:00000728       $SG90375                   1009b728     modbus.obj
 0003:00000748       $SG90377                   1009b748     modbus.obj
 0003:00000754       $SG90379                   1009b754     modbus.obj
 0003:00000774       $SG90381                   1009b774     modbus.obj
 0003:0000078c       $SG90383                   1009b78c     modbus.obj
 0003:000007a0       $SG90385                   1009b7a0     modbus.obj
 0003:000007bc       $SG90387                   1009b7bc     modbus.obj
 0003:000007dc       $SG90389                   1009b7dc     modbus.obj
 0003:000007e8       $SG90391                   1009b7e8     modbus.obj
 0003:000007f8       $SG90393                   1009b7f8     modbus.obj
 0003:00000810       $SG90395                   1009b810     modbus.obj
 0003:00000820       $SG90397                   1009b820     modbus.obj
 0003:00000844       $SG90406                   1009b844     modbus.obj
 0003:00000850       $SG90409                   1009b850     modbus.obj
 0003:00000858       $SG90410                   1009b858     modbus.obj
 0003:0000085c       $SG90422                   1009b85c     modbus.obj
 0003:00000870       $SG90459                   1009b870     modbus.obj
 0003:00000878       $SG90460                   1009b878     modbus.obj
 0003:0000087c       $SG90569                   1009b87c     modbus.obj
 0003:0000089c       $SG90570                   1009b89c     modbus.obj
 0003:000008bc       $SG90579                   1009b8bc     modbus.obj
 0003:000008c4       $SG90586                   1009b8c4     modbus.obj
 0003:000008cc       $SG90590                   1009b8cc     modbus.obj
 0003:000008d4       $SG90596                   1009b8d4     modbus.obj
 0003:000008e4       $SG90601                   1009b8e4     modbus.obj
 0003:000008e8       $SG90651                   1009b8e8     modbus.obj
 0003:0000092c       $SG90661                   1009b92c     modbus.obj
 0003:00000964       $SG90785                   1009b964     modbus.obj
 0003:00000974       $SG90786                   1009b974     modbus.obj
 0003:00000980       $SG90664                   1009b980     modbus.obj
 0003:000009c4       $SG90790                   1009b9c4     modbus.obj
 0003:000009ec       $SG90794                   1009b9ec     modbus.obj
 0003:00000a10       $SG90796                   1009ba10     modbus.obj
 0003:00000a28       $SG90797                   1009ba28     modbus.obj
 0003:00000a38       $SG90801                   1009ba38     modbus.obj
 0003:00000a60       $SG90805                   1009ba60     modbus.obj
 0003:00000a84       $SG90810                   1009ba84     modbus.obj
 0003:00000ab0       $SG90814                   1009bab0     modbus.obj
 0003:00000af0       $SG90819                   1009baf0     modbus.obj
 0003:00000b20       $SG90824                   1009bb20     modbus.obj
 0003:00000b54       $SG90828                   1009bb54     modbus.obj
 0003:00000b80       $SG90833                   1009bb80     modbus.obj
 0003:00000bbc       $SG90837                   1009bbbc     modbus.obj
 0003:00000bec       $SG90839                   1009bbec     modbus.obj
 0003:00000bf8       $SG90842                   1009bbf8     modbus.obj
 0003:00000c10       $SG90847                   1009bc10     modbus.obj
 0003:00000c40       $SG90852                   1009bc40     modbus.obj
 0003:00000c8c       $SG90922                   1009bc8c     modbus.obj
 0003:00000cb8       $SG90856                   1009bcb8     modbus.obj
 0003:00000d0c       $SG90858                   1009bd0c     modbus.obj
 0003:00000d34       $SG90939                   1009bd34     modbus.obj
 0003:00000d68       $SG90965                   1009bd68     modbus.obj
 0003:00000d98       $SG90983                   1009bd98     modbus.obj
 0003:00000dc8       $SG90997                   1009bdc8     modbus.obj
 0003:00000dfc       $SG91063                   1009bdfc     modbus.obj
 0003:00000e24       $SG91090                   1009be24     modbus.obj
 0003:00000e90       ?__vcrt_flsindex@@3KA      1009be90     libvcruntimed:per_thread_data.obj
 0003:00000f58       _errno_no_memory           1009bf58     libucrtd:errno.obj
 0003:00000f5c       _doserrno_no_memory        1009bf5c     libucrtd:errno.obj
 0003:00000f60       ___acrt_current_request_number 1009bf60     libucrtd:debug_heap.obj
 0003:00000fa8       ___acrt_debug_fill_threshold 1009bfa8     libucrtd:debug_fill_threshold.obj
 0003:00000fac       ___acrt_flsindex           1009bfac     libucrtd:per_thread_data.obj
 0003:00000fb0       __ctype_loc_style          1009bfb0     libucrtd:wsetlocale.obj
 0003:00001098       ___rgctypeflag             1009c098     libucrtd:mbctype.obj
 0003:000010a0       ___rgcode_page_info        1009c0a0     libucrtd:mbctype.obj
 0003:000015bc       ?global_msvcrt_heap_handle_cache@?1??__acrt_get_msvcrt_heap_handle@@9@4PAXA 1009c5bc     libucrtd:free_base.obj
 0003:00001640       ?__DAZ_ENABLED@?1??__set_fpsr_sse2@@9@9 1009c640     libucrtd:fpctrl.obj
 0003:00001760       ?init@?1??_RTC_InitBase@@9@4_NA 1009c760     LIBCMTD:_init_.obj
 0003:00001770       _GS_ExceptionRecord        1009c770     LIBCMTD:gs_report.obj
 0003:000017c0       _GS_ContextRecord          1009c7c0     LIBCMTD:gs_report.obj
 0003:00001a8c       ?__proc_attached@@3HA      1009ca8c     LIBCMTD:dll_dllmain.obj
 0003:00001a90       ?_RTC_ErrorReportFunc@@3P6AHHPBDH00ZZA 1009ca90     LIBCMTD:_userapi_.obj
 0003:00001a94       ?_RTC_ErrorReportFuncW@@3P6AHHPB_WH00ZZA 1009ca94     LIBCMTD:_userapi_.obj
 0003:00001a98       ?mspdb@@3PAUHINSTANCE__@@A 1009ca98     LIBCMTD:_pdblkup_.obj
 0003:00001a9c       ?alreadyTried@?1??GetPdbDll@@YAPAUHINSTANCE__@@XZ@4_NA 1009ca9c     LIBCMTD:_pdblkup_.obj
 0003:00001a9d       ?PDBOK@?1??_RTC_GetSrcLine@@YAHPAEPA_WKPAH1K@Z@4_NA 1009ca9d     LIBCMTD:_pdblkup_.obj
 0003:00001aa8       ?module_local_atexit_table@@3U_onexit_table_t@@A 1009caa8     LIBCMTD:utility.obj
 0003:00001ab4       ?module_local_at_quick_exit_table@@3U_onexit_table_t@@A 1009cab4     LIBCMTD:utility.obj
 0003:00001ac0       ?is_initialized_as_dll@@3_NA 1009cac0     LIBCMTD:utility.obj
 0003:00001ae4       ?__vcrt_startup_thread_ptd@@3U__vcrt_ptd@@A 1009cae4     libvcruntimed:per_thread_data.obj
 0003:00001b0c       ___vcrt_lock_table         1009cb0c     libvcruntimed:locks.obj
 0003:00001b24       ___vcrt_locks_initialized  1009cb24     libvcruntimed:locks.obj
 0003:00001b28       ?module_handles@@3PAPAUHINSTANCE__@@A 1009cb28     libvcruntimed:winapi_downlevel.obj
 0003:00001b38       ?encoded_function_pointers@@3PAPAXA 1009cb38     libvcruntimed:winapi_downlevel.obj
 0003:00001b88       ?heap@@3V_HeapManager@@A   1009cb88     libvcruntimed:undname.obj
 0003:00001ba0       ?buf@?1??dbGetString@DName@@QBEPADXZ@4PADA 1009cba0     libvcruntimed:undname.obj
 0003:00001c30       _c_termination_complete    1009cc30     libucrtd:exit.obj
 0003:00001c34       _thread_local_exit_callback_func 1009cc34     libucrtd:exit.obj
 0003:00001c38       ?c_exit_complete@?5??common_exit@@YAXHW4_crt_exit_cleanup_mode@@W4_crt_exit_return_mode@@@Z@4_NA 1009cc38     libucrtd:exit.obj
 0003:00001c40       ?program_name@?5???$common_configure_argv@D@@YAHW4_crt_argv_mode@@@Z@4PADA 1009cc40     libucrtd:argv_parsing.obj
 0003:00001d48       ?program_name@?5???$common_configure_argv@_W@@YAHW4_crt_argv_mode@@@Z@4PA_WA 1009cd48     libucrtd:argv_parsing.obj
 0003:00001f7c       ___acrt_first_block        1009cf7c     libucrtd:debug_heap.obj
 0003:00001f80       ___acrt_last_block         1009cf80     libucrtd:debug_heap.obj
 0003:00001f84       ___acrt_total_allocations  1009cf84     libucrtd:debug_heap.obj
 0003:00001f88       ___acrt_current_allocations 1009cf88     libucrtd:debug_heap.obj
 0003:00001f8c       ___acrt_max_allocations    1009cf8c     libucrtd:debug_heap.obj
 0003:00001f90       ___acrt_check_frequency    1009cf90     libucrtd:debug_heap.obj
 0003:00001f94       ___acrt_check_counter      1009cf94     libucrtd:debug_heap.obj
 0003:00001f9c       _heap_validation_pending   1009cf9c     libucrtd:debug_heap.obj
 0003:00001fa0       ___acrt_invalid_parameter_handler 1009cfa0     libucrtd:invalid_parameter.obj
 0003:00001fa4       ___acrt_app_type           1009cfa4     libucrtd:report_runtime_error.obj
 0003:00001fa8       ?outmsg@?9??__acrt_report_runtime_error@@9@4PA_WA 1009cfa8     libucrtd:report_runtime_error.obj
 0003:000025d0       ___acrt_error_mode         1009d5d0     libucrtd:set_error_mode.obj
 0003:000025d4       _console_ctrl_handler_installed 1009d5d4     libucrtd:signal.obj
 0003:000025d8       _ctrlc_action              1009d5d8     libucrtd:signal.obj
 0003:000025dc       _ctrlbreak_action          1009d5dc     libucrtd:signal.obj
 0003:000025e0       _abort_action              1009d5e0     libucrtd:signal.obj
 0003:000025e4       _term_action               1009d5e4     libucrtd:signal.obj
 0003:000025e8       _module_handles            1009d5e8     libucrtd:winapi_thunks.obj
 0003:00002638       _encoded_function_pointers 1009d638     libucrtd:winapi_thunks.obj
 0003:000026b8       ?static_enum_proc@?1??enum_system_locales_ex_nolock@@YAHQ6GHPA_WKJ@Z@Z@4P6GH0KJ@ZA 1009d6b8     libucrtd:winapi_thunks.obj
 0003:000026bc       ?state_cache@?1??__acrt_is_packaged_app@@9@4JA 1009d6bc     libucrtd:winapi_thunks.obj
 0003:000028c4       _enable_percent_n          1009d8c4     libucrtd:printf_count_output.obj
 0003:000028e8       ___acrt_lock_table         1009d8e8     libucrtd:locks.obj
 0003:00002a20       ___acrt_locks_initialized  1009da20     libucrtd:locks.obj
 0003:00002a38       _fSystemSet                1009da38     libucrtd:mbctype.obj
 0003:00002a40       ?initialized@?1??__acrt_initialize_multibyte@@9@4_NA 1009da40     libucrtd:mbctype.obj
 0003:00002a64       ___acrt_new_handler        1009da64     libucrtd:new_handler.obj
 0003:00002a68       _user_matherr              1009da68     libucrtd:matherr.obj
 0003:00002a6c       ___acrt_global_new_mode    1009da6c     libucrtd:new_mode.obj
 0003:00002a7c       __pmatherr_set             1009da7c     libucrtd:libm_error.obj
 0004:00000000       __guard_fids____dcrt_uninitialize_environments_nolock 1009e000     libucrtd:environment_initialization.obj
 0004:00000008       __guard_fids__             1009e008     libucrtd:initialization.obj
 0004:00000068       __guard_fids_?get_terminate_or_default@@YAP6AXXZQBU__acrt_ptd@@@Z 1009e068     libucrtd:terminate.obj
 0004:0000006c       __guard_fids_??$common_show_message_box@D@@YAHQBD0I@Z 1009e06c     libucrtd:crtmbox.obj
 0004:00000070       __guard_fids_??$common_show_message_box@_W@@YAHQB_W0I@Z 1009e070     libucrtd:crtmbox.obj
 0004:00000074       __guard_fids__signal       1009e074     libucrtd:signal.obj
 0004:00000078       __guard_fids__             1009e078     libucrtd:stdio_initializer.obj
 0004:0000007c       __guard_fids__             1009e07c     libucrtd:stdio_initializer.obj
 0004:00000080       __guard_fids_??B<lambda_5a01b672d24c8480ee9d6bdb50dd3881>@@QBEP6GHPA_W@ZXZ 1009e080     libucrtd:winapi_thunks.obj
 0004:00000084       __guard_fids____acrt_initialize_ptd 1009e084     libucrtd:per_thread_data.obj
 0004:00000088       __guard_fids__             1009e088     libucrtd:wsetlocale.obj
 0004:000000a0       __guard_fids_??B<lambda_44bb73bbef6fb157e8b5a36d72f75f86>@@QBEP6AHPBX0@ZXZ 1009e0a0     libucrtd:argv_wildcards.obj
 0004:000000a4       __guard_fids_??B<lambda_0d0802f125cf2a7db435cb2ddf42441c>@@QBEP6AHPBX0@ZXZ 1009e0a4     libucrtd:argv_wildcards.obj
 0004:000000a8       __guard_fids__             1009e0a8     libucrtd:debug_heap_hook.obj
 0004:000000ac       __guard_fids__             1009e0ac     libucrtd:locale_initializer.obj
 0004:000000b0       __guard_fids__GetLocaleNameFromLangCountry 1009e0b0     libucrtd:get_qualified_locale.obj
 0004:000000b4       __guard_fids__GetLocaleNameFromLanguage 1009e0b4     libucrtd:get_qualified_locale.obj
 0004:000000b8       __guard_fids__GetLcidFromLangCountry 1009e0b8     libucrtd:getqloc_downlevel.obj
 0004:000000bc       __guard_fids__GetLcidFromLanguage 1009e0bc     libucrtd:getqloc_downlevel.obj
 0004:000000c0       __guard_fids__GetLcidFromCountry 1009e0c0     libucrtd:getqloc_downlevel.obj
 0004:000000c4       __guard_fids__             1009e0c4     libucrtd:multibyte_initializer.obj
 0004:000000c8       __guard_fids____libm_error_support 1009e0c8     libucrtd:libm_error.obj
 0004:000000cc       __guard_fids__             1009e0cc     libucrtd:console_output_initializer.obj
 0004:000000d0       __guard_fids__             1009e0d0     libucrtd:sse2_initializer.obj
 0004:000000d4       __guard_fids___CRT_RTC_INIT 1009e0d4     LIBCMTD:_init_.obj
 0004:000000d8       __guard_fids___CRT_RTC_INITW 1009e0d8     LIBCMTD:_init_.obj
 0004:000000dc       __guard_fids_?dllmain_crt_process_attach@@YAHQAUHINSTANCE__@@QAX@Z 1009e0dc     LIBCMTD:dll_dllmain.obj
 0004:000000e4       __guard_fids_?dllmain_dispatch@@YAHQAUHINSTANCE__@@KQAX@Z 1009e0e4     LIBCMTD:dll_dllmain.obj
 0004:000000e8       __guard_fids____scrt_set_unhandled_exception_filter 1009e0e8     LIBCMTD:utility_desktop.obj
 0004:000000ec       __guard_fids__             1009e0ec     LIBCMTD:guard_support.obj
 0004:000000f0       __guard_fids___guard_icall_checks_enforced 1009e0f0     LIBCMTD:guard_support.obj
 0004:000000f4       __guard_fids_??B<lambda_898920cacc91e508364b5fd76d256868>@@QBEP6APAXI@ZXZ 1009e0f4     libvcruntimed:std_type_info.obj
 0004:000000f8       __guard_fids_??B<lambda_998df822d83bde51c0affd9febd79072>@@QBEP6AXQAX@ZXZ 1009e0f8     libvcruntimed:std_type_info.obj
 0004:000000fc       __guard_fids____vcrt_initialize_ptd 1009e0fc     libvcruntimed:per_thread_data.obj
 0004:00000100       __guard_fids__             1009e100     libvcruntimed:undname.obj
 0004:0000010c       __guard_fids__             1009e10c     libvcruntimed:undname.obj
 0004:00000118       __guard_fids__             1009e118     libvcruntimed:undname.obj
 0004:00000124       __guard_fids__             1009e124     libvcruntimed:undname.obj
 0004:00000130       __guard_fids__             1009e130     libvcruntimed:undname.obj
 0004:0000013c       __guard_fids__             1009e13c     libvcruntimed:undname.obj
 0004:00000148       __guard_fids__             1009e148     LIBCMTD:std_type_info_static.obj
 0004:0000014c       __guard_fids__             1009e14c     libvcruntimed:frame.obj
 0004:00000150       __guard_fids__             1009e150     libvcruntimed:frame.obj
 0004:00000158       __guard_fids__             1009e158     libvcruntimed:frame.obj
 0004:00000160       __guard_fids__             1009e160     libvcruntimed:frame.obj
 0004:00000164       __guard_fids__             1009e164     libvcruntimed:frame.obj
 0004:00000168       __guard_fids__             1009e168     libvcruntimed:frame.obj
 0004:0000016c       __guard_fids_?get_unexpected_or_default@@YAP6AXXZQBU__vcrt_ptd@@@Z 1009e16c     libvcruntimed:unexpected.obj
 0005:000000a0       $R000000                   1009f0a0     modbus.res
 0005:00000310       $R000270                   1009f310     modbus.res
